Component: ARM Compiler 5.06 update 1 (build 61) Tool: armlink [4d35a8]

==============================================================================

Section Cross References

    main.o(.text) refers to dfltui.o(.text) for __aeabi_ui2d
    main.o(.text) refers to dmul.o(.text) for __aeabi_dmul
    main.o(.text) refers to printfa.o(i.__0printf) for __2printf
    main.o(.text) refers to ddiv.o(.text) for __aeabi_ddiv
    main.o(.text) refers to lwm2m.o(.text) for Cmd_MIPLNOTIFY_float
    main.o(.text) refers to d2f.o(.text) for __aeabi_d2f
    main.o(.text) refers to dfixui.o(.text) for __aeabi_d2uiz
    main.o(.text) refers to led.o(.text) for LED_Init
    main.o(.text) refers to delay.o(.text) for delay_init
    main.o(.text) refers to misc.o(.text) for NVIC_PriorityGroupConfig
    main.o(.text) refers to usart.o(.text) for uart_init
    main.o(.text) refers to usart2.o(.text) for USART2_Init
    main.o(.text) refers to usart3.o(.text) for usart3_init
    main.o(.text) refers to data_p.o(.text) for Elec_learn
    main.o(.text) refers to usart2.o(.bss) for USART2_RX_BUF
    main.o(.text) refers to main.o(.data) for V_current
    main.o(.text) refers to lwm2m.o(.data) for init_flag
    main.o(.text) refers to usart2.o(.data) for USART2_RX_STA
    main.o(.text) refers to data_p.o(.bss) for current_val
    system_stm32f10x.o(.text) refers to system_stm32f10x.o(.data) for SystemCoreClock
    led.o(.text) refers to stm32f10x_rcc.o(.text) for RCC_APB2PeriphClockCmd
    led.o(.text) refers to stm32f10x_gpio.o(.text) for GPIO_Init
    usart2.o(.text) refers to stm32f10x_tim.o(.text) for TIM_SetCounter
    usart2.o(.text) refers to stm32f10x_usart.o(.text) for USART_GetITStatus
    usart2.o(.text) refers to stm32f10x_rcc.o(.text) for RCC_APB1PeriphClockCmd
    usart2.o(.text) refers to misc.o(.text) for NVIC_Init
    usart2.o(.text) refers to stm32f10x_dma.o(.text) for DMA_DeInit
    usart2.o(.text) refers to stm32f10x_gpio.o(.text) for GPIO_Init
    usart2.o(.text) refers to usart2.o(.data) for USART2_RX_STA
    usart2.o(.text) refers to usart2.o(.bss) for USART2_RX_BUF
    data_p.o(.text) refers to memseta.o(.text) for __aeabi_memclr4
    data_p.o(.text) refers to fflti.o(.text) for __aeabi_i2f
    data_p.o(.text) refers to fmul.o(.text) for __aeabi_fmul
    data_p.o(.text) refers to fadd.o(.text) for __aeabi_fadd
    data_p.o(.text) refers to f2d.o(.text) for __aeabi_f2d
    data_p.o(.text) refers to cdcmple.o(.text) for __aeabi_cdcmple
    data_p.o(.text) refers to lwm2m.o(.text) for Cmd_MIPLNOTIFY_OK
    data_p.o(.text) refers to data_p.o(.data) for elec_app1
    data_p.o(.text) refers to data_p.o(.bss) for current_val
    data_p.o(.text) refers to lwm2m.o(.data) for learn_num
    data_p.o(.data) refers to data_p.o(.conststring) for .conststring
    usart3.o(.text) refers to stm32f10x_rcc.o(.text) for RCC_APB2PeriphClockCmd
    usart3.o(.text) refers to stm32f10x_usart.o(.text) for USART_DeInit
    usart3.o(.text) refers to stm32f10x_gpio.o(.text) for GPIO_Init
    usart3.o(.text) refers to misc.o(.text) for NVIC_Init
    usart3.o(.text) refers to lwm2m.o(.text) for Cmd_MIPLEXECUTERSP
    usart3.o(.text) refers to usart3.o(.data) for RX3_Counter
    usart3.o(.text) refers to usart3.o(.bss) for USART3_RX_BUF
    lwm2m.o(.text) refers to printfa.o(i.__0printf) for __2printf
    lwm2m.o(.text) refers to memseta.o(.text) for __aeabi_memclr
    lwm2m.o(.text) refers to usart3.o(.text) for Uart3_SendStr
    lwm2m.o(.text) refers to delay.o(.text) for delay_ms
    lwm2m.o(.text) refers to strstr.o(.text) for strstr
    lwm2m.o(.text) refers to f2d.o(.text) for __aeabi_f2d
    lwm2m.o(.text) refers to printfa.o(i.__0sprintf) for __2sprintf
    lwm2m.o(.text) refers to usart3.o(.bss) for USART3_RX_BUF
    lwm2m.o(.text) refers to usart3.o(.data) for Usart3_RecvLen
    lwm2m.o(.text) refers to lwm2m.o(.data) for strx
    lwm2m.o(.text) refers to usart.o(.text) for Uart_SendStr
    delay.o(.text) refers to misc.o(.text) for SysTick_CLKSourceConfig
    delay.o(.text) refers to system_stm32f10x.o(.data) for SystemCoreClock
    delay.o(.text) refers to delay.o(.data) for fac_us
    usart.o(.text) refers to stm32f10x_rcc.o(.text) for RCC_APB2PeriphClockCmd
    usart.o(.text) refers to stm32f10x_gpio.o(.text) for GPIO_Init
    usart.o(.text) refers to misc.o(.text) for NVIC_Init
    usart.o(.text) refers to stm32f10x_usart.o(.text) for USART_Init
    usart.o(.text) refers to usart.o(.data) for USART_RX_STA
    usart.o(.text) refers to usart.o(.bss) for USART_RX_BUF
    startup_stm32f10x_hd.o(RESET) refers to startup_stm32f10x_hd.o(STACK) for __initial_sp
    startup_stm32f10x_hd.o(RESET) refers to startup_stm32f10x_hd.o(.text) for Reset_Handler
    startup_stm32f10x_hd.o(RESET) refers to stm32f10x_it.o(.text) for NMI_Handler
    startup_stm32f10x_hd.o(RESET) refers to usart2.o(.text) for TIM4_IRQHandler
    startup_stm32f10x_hd.o(RESET) refers to usart.o(.text) for USART1_IRQHandler
[...]
    printf0.o(i.__0vfprintf$0) refers to usart.o(.text) for fputc
    printf0.o(i.__0vprintf$0) refers to printf0.o(i._printf_core) for _printf_core
    printf0.o(i.__0vprintf$0) refers to usart.o(.text) for fputc
    printf0.o(i.__0vprintf$0) refers to usart.o(.data) for __stdout
    printf0.o(i.__0vsnprintf$0) refers to printf0.o(i._printf_core) for _printf_core
    printf0.o(i.__0vsnprintf$0) refers to printf0.o(i._snputc) for _snputc
    printf0.o(i.__0vsprintf$0) refers to printf0.o(i._printf_core) for _printf_core
    printf0.o(i.__0vsprintf$0) refers to printf0.o(i._sputc) for _sputc
    printf1.o(i.__0fprintf$1) refers to printf1.o(i._printf_core) for _printf_core
    printf1.o(i.__0fprintf$1) refers to usart.o(.text) for fputc
    printf1.o(i.__0printf$1) refers to printf1.o(i._printf_core) for _printf_core
    printf1.o(i.__0printf$1) refers to usart.o(.text) for fputc
    printf1.o(i.__0printf$1) refers to usart.o(.data) for __stdout
    printf1.o(i.__0snprintf$1) refers to printf1.o(i._printf_core) for _printf_core
    printf1.o(i.__0snprintf$1) refers to printf1.o(i._snputc) for _snputc
    printf1.o(i.__0sprintf$1) refers to printf1.o(i._printf_core) for _printf_core
    printf1.o(i.__0sprintf$1) refers to printf1.o(i._sputc) for _sputc
    printf1.o(i.__0vfprintf$1) refers to printf1.o(i._printf_core) for _printf_core
    printf1.o(i.__0vfprintf$1) refers to usart.o(.text) for fputc
    printf1.o(i.__0vprintf$1) refers to printf1.o(i._printf_core) for _printf_core
    printf1.o(i.__0vprintf$1) refers to usart.o(.text) for fputc
    printf1.o(i.__0vprintf$1) refers to usart.o(.data) for __stdout
    printf1.o(i.__0vsnprintf$1) refers to printf1.o(i._printf_core) for _printf_core
    printf1.o(i.__0vsnprintf$1) refers to printf1.o(i._snputc) for _snputc
    printf1.o(i.__0vsprintf$1) refers to printf1.o(i._printf_core) for _printf_core
    printf1.o(i.__0vsprintf$1) refers to printf1.o(i._sputc) for _sputc
    printf1.o(i._printf_core) refers to uidiv.o(.text) for __aeabi_uidivmod
    printf2.o(i.__0fprintf$2) refers to printf2.o(i._printf_core) for _printf_core
    printf2.o(i.__0fprintf$2) refers to usart.o(.text) for fputc
    printf2.o(i.__0printf$2) refers to printf2.o(i._printf_core) for _printf_core
    printf2.o(i.__0printf$2) refers to usart.o(.text) for fputc
    printf2.o(i.__0printf$2) refers to usart.o(.data) for __stdout
    printf2.o(i.__0snprintf$2) refers to printf2.o(i._printf_core) for _printf_core
    printf2.o(i.__0snprintf$2) refers to printf2.o(i._snputc) for _snputc
    printf2.o(i.__0sprintf$2) refers to printf2.o(i._printf_core) for _printf_core
    printf2.o(i.__0sprintf$2) refers to printf2.o(i._sputc) for _sputc
    printf2.o(i.__0vfprintf$2) refers to printf2.o(i._printf_core) for _printf_core
    printf2.o(i.__0vfprintf$2) refers to usart.o(.text) for fputc
    printf2.o(i.__0vprintf$2) refers to printf2.o(i._printf_core) for _printf_core
    printf2.o(i.__0vprintf$2) refers to usart.o(.text) for fputc
    printf2.o(i.__0vprintf$2) refers to usart.o(.data) for __stdout
    printf2.o(i.__0vsnprintf$2) refers to printf2.o(i._printf_core) for _printf_core
    printf2.o(i.__0vsnprintf$2) refers to printf2.o(i._snputc) for _snputc
    printf2.o(i.__0vsprintf$2) refers to printf2.o(i._printf_core) for _printf_core
    printf2.o(i.__0vsprintf$2) refers to printf2.o(i._sputc) for _sputc
    printf3.o(i.__0fprintf$3) refers to printf3.o(i._printf_core) for _printf_core
    printf3.o(i.__0fprintf$3) refers to usart.o(.text) for fputc
    printf3.o(i.__0printf$3) refers to printf3.o(i._printf_core) for _printf_core
    printf3.o(i.__0printf$3) refers to usart.o(.text) for fputc
    printf3.o(i.__0printf$3) refers to usart.o(.data) for __stdout
    printf3.o(i.__0snprintf$3) refers to printf3.o(i._printf_core) for _printf_core
    printf3.o(i.__0snprintf$3) refers to printf3.o(i._snputc) for _snputc
    printf3.o(i.__0sprintf$3) refers to printf3.o(i._printf_core) for _printf_core
    printf3.o(i.__0sprintf$3) refers to printf3.o(i._sputc) for _sputc
    printf3.o(i.__0vfprintf$3) refers to printf3.o(i._printf_core) for _printf_core
    printf3.o(i.__0vfprintf$3) refers to usart.o(.text) for fputc
    printf3.o(i.__0vprintf$3) refers to printf3.o(i._printf_core) for _printf_core
    printf3.o(i.__0vprintf$3) refers to usart.o(.text) for fputc
    printf3.o(i.__0vprintf$3) refers to usart.o(.data) for __stdout
    printf3.o(i.__0vsnprintf$3) refers to printf3.o(i._printf_core) for _printf_core
    printf3.o(i.__0vsnprintf$3) refers to printf3.o(i._snputc) for _snputc
    printf3.o(i.__0vsprintf$3) refers to printf3.o(i._printf_core) for _printf_core
    printf3.o(i.__0vsprintf$3) refers to printf3.o(i._sputc) for _sputc
    printf3.o(i._printf_core) refers to uidiv.o(.text) for __aeabi_uidivmod
    printf4.o(i.__0fprintf$4) refers to printf4.o(i._printf_core) for _printf_core
    printf4.o(i.__0fprintf$4) refers to usart.o(.text) for fputc
    printf4.o(i.__0printf$4) refers to printf4.o(i._printf_core) for _printf_core
    printf4.o(i.__0printf$4) refers to usart.o(.text) for fputc
    printf4.o(i.__0printf$4) refers to usart.o(.data) for __stdout
    printf4.o(i.__0snprintf$4) refers to printf4.o(i._printf_core) for _printf_core
    printf4.o(i.__0snprintf$4) refers to printf4.o(i._snputc) for _snputc
    printf4.o(i.__0sprintf$4) refers to printf4.o(i._printf_core) for _printf_core
    printf4.o(i.__0sprintf$4) refers to printf4.o(i._sputc) for _sputc
    printf4.o(i.__0vfprintf$4) refers to printf4.o(i._printf_core) for _printf_core
    printf4.o(i.__0vfprintf$4) refers to usart.o(.text) for fputc
    printf4.o(i.__0vprintf$4) refers to printf4.o(i._printf_core) for _printf_core
    printf4.o(i.__0vprintf$4) refers to usart.o(.text) for fputc
    printf4.o(i.__0vprintf$4) refers to usart.o(.data) for __stdout
    printf4.o(i.__0vsnprintf$4) refers to printf4.o(i._printf_core) for _printf_core
    printf4.o(i.__0vsnprintf$4) refers to printf4.o(i._snputc) for _snputc
    printf4.o(i.__0vsprintf$4) refers to printf4.o(i._printf_core) for _printf_core
    printf4.o(i.__0vsprintf$4) refers to printf4.o(i._sputc) for _sputc
    printf4.o(i._printf_core) refers to uldiv.o(.text) for __aeabi_uldivmod
    printf5.o(i.__0fprintf$5) refers to printf5.o(i._printf_core) for _printf_core
    printf5.o(i.__0fprintf$5) refers to usart.o(.text) for fputc
    printf5.o(i.__0printf$5) refers to printf5.o(i._printf_core) for _printf_core
    printf5.o(i.__0printf$5) refers to usart.o(.text) for fputc
    printf5.o(i.__0printf$5) refers to usart.o(.data) for __stdout
    printf5.o(i.__0snprintf$5) refers to printf5.o(i._printf_core) for _printf_core
    printf5.o(i.__0snprintf$5) refers to printf5.o(i._snputc) for _snputc
    printf5.o(i.__0sprintf$5) refers to printf5.o(i._printf_core) for _printf_core
    printf5.o(i.__0sprintf$5) refers to printf5.o(i._sputc) for _sputc
    printf5.o(i.__0vfprintf$5) refers to printf5.o(i._printf_core) for _printf_core
    printf5.o(i.__0vfprintf$5) refers to usart.o(.text) for fputc
    printf5.o(i.__0vprintf$5) refers to printf5.o(i._printf_core) for _printf_core
    printf5.o(i.__0vprintf$5) refers to usart.o(.text) for fputc
    printf5.o(i.__0vprintf$5) refers to usart.o(.data) for __stdout
    printf5.o(i.__0vsnprintf$5) refers to printf5.o(i._printf_core) for _printf_core
    printf5.o(i.__0vsnprintf$5) refers to printf5.o(i._snputc) for _snputc
    printf5.o(i.__0vsprintf$5) refers to printf5.o(i._printf_core) for _printf_core
    printf5.o(i.__0vsprintf$5) refers to printf5.o(i._sputc) for _sputc
    printf5.o(i._printf_core) refers to uldiv.o(.text) for __aeabi_uldivmod
    printf6.o(i.__0fprintf$6) refers to printf6.o(i._printf_core) for _printf_core
    printf6.o(i.__0fprintf$6) refers to usart.o(.text) for fputc
    printf6.o(i.__0printf$6) refers to printf6.o(i._printf_core) for _printf_core
    printf6.o(i.__0printf$6) refers to usart.o(.text) for fputc
    printf6.o(i.__0printf$6) refers to usart.o(.data) for __stdout
    printf6.o(i.__0snprintf$6) refers to printf6.o(i._printf_core) for _printf_core
    printf6.o(i.__0snprintf$6) refers to printf6.o(i._snputc) for _snputc
    printf6.o(i.__0sprintf$6) refers to printf6.o(i._printf_core) for _printf_core
    printf6.o(i.__0sprintf$6) refers to printf6.o(i._sputc) for _sputc
    printf6.o(i.__0vfprintf$6) refers to printf6.o(i._printf_core) for _printf_core
    printf6.o(i.__0vfprintf$6) refers to usart.o(.text) for fputc
    printf6.o(i.__0vprintf$6) refers to printf6.o(i._printf_core) for _printf_core
    printf6.o(i.__0vprintf$6) refers to usart.o(.text) for fputc
    printf6.o(i.__0vprintf$6) refers to usart.o(.data) for __stdout
    printf6.o(i.__0vsnprintf$6) refers to printf6.o(i._printf_core) for _printf_core
    printf6.o(i.__0vsnprintf$6) refers to printf6.o(i._snputc) for _snputc
    printf6.o(i.__0vsprintf$6) refers to printf6.o(i._printf_core) for _printf_core
    printf6.o(i.__0vsprintf$6) refers to printf6.o(i._sputc) for _sputc
    printf6.o(i._printf_core) refers to printf6.o(i._printf_pre_padding) for _printf_pre_padding
    printf6.o(i._printf_core) refers to uidiv.o(.text) for __aeabi_uidivmod
    printf6.o(i._printf_core) refers to printf6.o(i._printf_post_padding) for _printf_post_padding
    printf7.o(i.__0fprintf$7) refers to printf7.o(i._printf_core) for _printf_core
    printf7.o(i.__0fprintf$7) refers to usart.o(.text) for fputc
    printf7.o(i.__0printf$7) refers to printf7.o(i._printf_core) for _printf_core
    printf7.o(i.__0printf$7) refers to usart.o(.text) for fputc
    printf7.o(i.__0printf$7) refers to usart.o(.data) for __stdout
    printf7.o(i.__0snprintf$7) refers to printf7.o(i._printf_core) for _printf_core
    printf7.o(i.__0snprintf$7) refers to printf7.o(i._snputc) for _snputc
    printf7.o(i.__0sprintf$7) refers to printf7.o(i._printf_core) for _printf_core
    printf7.o(i.__0sprintf$7) refers to printf7.o(i._sputc) for _sputc
    printf7.o(i.__0vfprintf$7) refers to printf7.o(i._printf_core) for _printf_core
    printf7.o(i.__0vfprintf$7) refers to usart.o(.text) for fputc
    printf7.o(i.__0vprintf$7) refers to printf7.o(i._printf_core) for _printf_core
    printf7.o(i.__0vprintf$7) refers to usart.o(.text) for fputc
    printf7.o(i.__0vprintf$7) refers to usart.o(.data) for __stdout
    printf7.o(i.__0vsnprintf$7) refers to printf7.o(i._printf_core) for _printf_core
    printf7.o(i.__0vsnprintf$7) refers to printf7.o(i._snputc) for _snputc
    printf7.o(i.__0vsprintf$7) refers to printf7.o(i._printf_core) for _printf_core
    printf7.o(i.__0vsprintf$7) refers to printf7.o(i._sputc) for _sputc
    printf7.o(i._printf_core) refers to printf7.o(i._printf_pre_padding) for _printf_pre_padding
    printf7.o(i._printf_core) refers to uldiv.o(.text) for __aeabi_uldivmod
    printf7.o(i._printf_core) refers to printf7.o(i._printf_post_padding) for _printf_post_padding
    printf8.o(i.__0fprintf$8) refers to printf8.o(i._printf_core) for _printf_core
    printf8.o(i.__0fprintf$8) refers to usart.o(.text) for fputc
    printf8.o(i.__0printf$8) refers to printf8.o(i._printf_core) for _printf_core
    printf8.o(i.__0printf$8) refers to usart.o(.text) for fputc
    printf8.o(i.__0printf$8) refers to usart.o(.data) for __stdout
    printf8.o(i.__0snprintf$8) refers to printf8.o(i._printf_core) for _printf_core
    printf8.o(i.__0snprintf$8) refers to printf8.o(i._snputc) for _snputc
    printf8.o(i.__0sprintf$8) refers to printf8.o(i._printf_core) for _printf_core
    printf8.o(i.__0sprintf$8) refers to printf8.o(i._sputc) for _sputc
    printf8.o(i.__0vfprintf$8) refers to printf8.o(i._printf_core) for _printf_core
    printf8.o(i.__0vfprintf$8) refers to usart.o(.text) for fputc
    printf8.o(i.__0vprintf$8) refers to printf8.o(i._printf_core) for _printf_core
    printf8.o(i.__0vprintf$8) refers to usart.o(.text) for fputc
    printf8.o(i.__0vprintf$8) refers to usart.o(.data) for __stdout
    printf8.o(i.__0vsnprintf$8) refers to printf8.o(i._printf_core) for _printf_core
    printf8.o(i.__0vsnprintf$8) refers to printf8.o(i._snputc) for _snputc
    printf8.o(i.__0vsprintf$8) refers to printf8.o(i._printf_core) for _printf_core
    printf8.o(i.__0vsprintf$8) refers to printf8.o(i._sputc) for _sputc
    printf8.o(i._printf_core) refers to printf8.o(i._printf_pre_padding) for _printf_pre_padding
    printf8.o(i._printf_core) refers to uldiv.o(.text) for __aeabi_uldivmod
    printf8.o(i._printf_core) refers to printf8.o(i._printf_post_padding) for _printf_post_padding
    printfa.o(i.__0fprintf) refers (Special) to iusefp.o(.text) for __I$use$fp
    printfa.o(i.__0fprintf) refers to printfa.o(i._printf_core) for _printf_core
    printfa.o(i.__0fprintf) refers to usart.o(.text) for fputc
    printfa.o(i.__0printf) refers (Special) to iusefp.o(.text) for __I$use$fp
    printfa.o(i.__0printf) refers to printfa.o(i._printf_core) for _printf_core
    printfa.o(i.__0printf) refers to usart.o(.text) for fputc
    printfa.o(i.__0printf) refers to usart.o(.data) for __stdout
    printfa.o(i.__0snprintf) refers (Special) to iusefp.o(.text) for __I$use$fp
    printfa.o(i.__0snprintf) refers to printfa.o(i._printf_core) for _printf_core
    printfa.o(i.__0snprintf) refers to printfa.o(i._snputc) for _snputc
    printfa.o(i.__0sprintf) refers (Special) to iusefp.o(.text) for __I$use$fp
    printfa.o(i.__0sprintf) refers to printfa.o(i._printf_core) for _printf_core
    printfa.o(i.__0sprintf) refers to printfa.o(i._sputc) for _sputc
    printfa.o(i.__0vfprintf) refers (Special) to iusefp.o(.text) for __I$use$fp
    printfa.o(i.__0vfprintf) refers to printfa.o(i._printf_core) for _printf_core
    printfa.o(i.__0vfprintf) refers to usart.o(.text) for fputc
    printfa.o(i.__0vprintf) refers (Special) to iusefp.o(.text) for __I$use$fp
    printfa.o(i.__0vprintf) refers to printfa.o(i._printf_core) for _printf_core
    printfa.o(i.__0vprintf) refers to usart.o(.text) for fputc
    printfa.o(i.__0vprintf) refers to usart.o(.data) for __stdout
    printfa.o(i.__0vsnprintf) refers (Special) to iusefp.o(.text) for __I$use$fp
    printfa.o(i.__0vsnprintf) refers to printfa.o(i._printf_core) for _printf_core
    printfa.o(i.__0vsnprintf) refers to printfa.o(i._snputc) for _snputc
    printfa.o(i.__0vsprintf) refers (Special) to iusefp.o(.text) for __I$use$fp
    printfa.o(i.__0vsprintf) refers to printfa.o(i._printf_core) for _printf_core
    printfa.o(i.__0vsprintf) refers to printfa.o(i._sputc) for _sputc
    printfa.o(i._fp_digits) refers (Special) to iusefp.o(.text) for __I$use$fp
    printfa.o(i._fp_digits) refers to dmul.o(.text) for __aeabi_dmul
    printfa.o(i._fp_digits) refers to ddiv.o(.text) for __aeabi_ddiv
    printfa.o(i._fp_digits) refers to cdrcmple.o(.text) for __aeabi_cdrcmple
    printfa.o(i._fp_digits) refers to dadd.o(.text) for __aeabi_dadd
    printfa.o(i._fp_digits) refers to dfixul.o(.text) for __aeabi_d2ulz
    printfa.o(i._fp_digits) refers to uldiv.o(.text) for __aeabi_uldivmod
    printfa.o(i._printf_core) refers (Special) to iusefp.o(.text) for __I$use$fp
    printfa.o(i._printf_core) refers to printfa.o(i._printf_pre_padding) for _printf_pre_padding
    printfa.o(i._printf_core) refers to uldiv.o(.text) for __aeabi_uldivmod
    printfa.o(i._printf_core) refers to printfa.o(i._printf_post_padding) for _printf_post_padding
    printfa.o(i._printf_core) refers to printfa.o(i._fp_digits) for _fp_digits
    printfa.o(i._printf_core) refers to uidiv.o(.text) for __aeabi_uidivmod
    printfa.o(i._printf_post_padding) refers (Special) to iusefp.o(.text) for __I$use$fp
    printfa.o(i._printf_pre_padding) refers (Special) to iusefp.o(.text) for __I$use$fp
    printfa.o(i._snputc) refers (Special) to iusefp.o(.text) for __I$use$fp
    printfa.o(i._sputc) refers (Special) to iusefp.o(.text) for __I$use$fp
    fadd.o(.text) refers (Special) to iusefp.o(.text) for __I$use$fp
    fadd.o(.text) refers to fepilogue.o(.text) for _float_epilogue
    fmul.o(.text) refers (Special) to iusefp.o(.text) for __I$use$fp
    dmul.o(.text) refers (Special) to iusefp.o(.text) for __I$use$fp
    dmul.o(.text) refers to depilogue.o(.text) for _double_epilogue
    ddiv.o(.text) refers (Special) to iusefp.o(.text) for __I$use$fp
    ddiv.o(.text) refers to depilogue.o(.text) for _double_round
    fflti.o(.text) refers (Special) to iusefp.o(.text) for __I$use$fp
    fflti.o(.text) refers to fepilogue.o(.text) for _float_epilogue
    dfltui.o(.text) refers (Special) to iusefp.o(.text) for __I$use$fp
    dfltui.o(.text) refers to depilogue.o(.text) for _double_epilogue
    dfixui.o(.text) refers (Special) to iusefp.o(.text) for __I$use$fp
    dfixui.o(.text) refers to llushr.o(.text) for __aeabi_llsr
    f2d.o(.text) refers (Special) to iusefp.o(.text) for __I$use$fp
    cdcmple.o(.text) refers (Special) to iusefp.o(.text) for __I$use$fp
    d2f.o(.text) refers (Special) to iusefp.o(.text) for __I$use$fp
    d2f.o(.text) refers to fepilogue.o(.text) for _float_round
    entry2.o(.ARM.Collect$$$$00000001) refers to entry2.o(.ARM.Collect$$$$00002712) for __lit__00000000
    entry2.o(.ARM.Collect$$$$00002712) refers to startup_stm32f10x_hd.o(STACK) for __initial_sp
    entry2.o(__vectab_stack_and_reset_area) refers to startup_stm32f10x_hd.o(STACK) for __initial_sp
    entry2.o(__vectab_stack_and_reset_area) refers to entry.o(.ARM.Collect$$$$00000000) for __main
    entry5.o(.ARM.Collect$$$$00000004) refers to init.o(.text) for __scatterload
    entry9a.o(.ARM.Collect$$$$0000000B) refers to main.o(.text) for main
    entry9b.o(.ARM.Collect$$$$0000000C) refers to main.o(.text) for main
    uldiv.o(.text) refers to llushr.o(.text) for __aeabi_llsr
    uldiv.o(.text) refers to llshl.o(.text) for __aeabi_llsl
    depilogue.o(.text) refers to llshl.o(.text) for __aeabi_llsl
    depilogue.o(.text) refers to llushr.o(.text) for __aeabi_llsr
    dadd.o(.text) refers to llshl.o(.text) for __aeabi_llsl
    dadd.o(.text) refers to llsshr.o(.text) for __aeabi_lasr
    dadd.o(.text) refers to depilogue.o(.text) for _double_epilogue
    dfixul.o(.text) refers to llushr.o(.text) for __aeabi_llsr
    dfixul.o(.text) refers to llshl.o(.text) for __aeabi_llsl
    init.o(.text) refers to entry5.o(.ARM.Collect$$$$00000004) for __main_after_scatterload


==============================================================================

Removing Unused input sections from the image.

    Removing sys.o(.emb_text), (6 bytes).
    Removing sys.o(.text), (12 bytes).
    Removing core_cm3.o(.emb_text), (32 bytes).
    Removing startup_stm32f10x_hd.o(HEAP), (512 bytes).
    Removing stm32f10x_adc.o(.text), (1102 bytes).
    Removing stm32f10x_bkp.o(.text), (196 bytes).
    Removing stm32f10x_can.o(.text), (2544 bytes).
    Removing stm32f10x_cec.o(.text), (288 bytes).
    Removing stm32f10x_crc.o(.text), (72 bytes).
    Removing stm32f10x_dbgmcu.o(.text), (48 bytes).
    Removing stm32f10x_exti.o(.text), (284 bytes).
    Removing stm32f10x_flash.o(.text), (1468 bytes).
    Removing stm32f10x_fsmc.o(.text), (1548 bytes).
    Removing stm32f10x_iwdg.o(.text), (64 bytes).
    Removing stm32f10x_pwr.o(.text), (204 bytes).
    Removing stm32f10x_rtc.o(.text), (328 bytes).
    Removing stm32f10x_sdio.o(.text), (468 bytes).

17 unused section(s) (total 9176 bytes) removed from the image.

==============================================================================

Image Symbol Table

    Local Symbols

    Symbol Name                              Value     Ov Type        Size  Object(Section)

    ../clib/microlib/division.c              0x00000000   Number         0  uldiv.o ABSOLUTE
    ../clib/microlib/division.c              0x00000000   Number         0  uidiv.o ABSOLUTE
    ../clib/microlib/init/entry.s            0x00000000   Number         0  entry9b.o ABSOLUTE
    ../clib/microlib/init/entry.s            0x00000000   Number         0  entry10b.o ABSOLUTE
    ../clib/microlib/init/entry.s            0x00000000   Number         0  entry11a.o ABSOLUTE
    ../clib/microlib/init/entry.s            0x00000000   Number         0  entry7a.o ABSOLUTE
    ../clib/microlib/init/entry.s            0x00000000   Number         0  entry8b.o ABSOLUTE
    ../clib/microlib/init/entry.s            0x00000000   Number         0  entry11b.o ABSOLUTE
    ../clib/microlib/init/entry.s            0x00000000   Number         0  entry9a.o ABSOLUTE
    ../clib/microlib/init/entry.s            0x00000000   Number         0  entry.o ABSOLUTE
    ../clib/microlib/init/entry.s            0x00000000   Number         0  entry7b.o ABSOLUTE
    ../clib/microlib/init/entry.s            0x00000000   Number         0  entry8a.o ABSOLUTE
    ../clib/microlib/init/entry.s            0x00000000   Number         0  entry2.o ABSOLUTE
    ../clib/microlib/init/entry.s            0x00000000   Number         0  entry5.o ABSOLUTE
    ../clib/microlib/init/entry.s            0x00000000   Number         0  entry10a.o ABSOLUTE
    ../clib/microlib/longlong.c              0x00000000   Number         0  llushr.o ABSOLUTE
    ../clib/microlib/longlong.c              0x00000000   Number         0  llshl.o ABSOLUTE
    ../clib/microlib/longlong.c              0x00000000   Number         0  llsshr.o ABSOLUTE
    ../clib/microlib/printf/printf.c         0x00000000   Number         0  printf3.o ABSOLUTE
    ../clib/microlib/printf/printf.c         0x00000000   Number         0  printf2.o ABSOLUTE
    ../clib/microlib/printf/printf.c         0x00000000   Number         0  printf1.o ABSOLUTE
    ../clib/microlib/printf/printf.c         0x00000000   Number         0  printf0.o ABSOLUTE
    ../clib/microlib/printf/printf.c         0x00000000   Number         0  printf4.o ABSOLUTE
    ../clib/microlib/printf/printf.c         0x00000000   Number         0  printfb.o ABSOLUTE
    ../clib/microlib/printf/printf.c         0x00000000   Number         0  printf8.o ABSOLUTE
    ../clib/microlib/printf/printf.c         0x00000000   Number         0  printfa.o ABSOLUTE
    ../clib/microlib/printf/printf.c         0x00000000   Number         0  printf7.o ABSOLUTE
    ../clib/microlib/printf/printf.c         0x00000000   Number         0  printf6.o ABSOLUTE
    ../clib/microlib/printf/printf.c         0x00000000   Number         0  printf5.o ABSOLUTE
    ../clib/microlib/printf/stubs.s          0x00000000   Number         0  stubs.o ABSOLUTE
    ../clib/microlib/string/memset.c         0x00000000   Number         0  memseta.o ABSOLUTE
    ../clib/microlib/string/strstr.c         0x00000000   Number         0  strstr.o ABSOLUTE
    ../clib/microlib/stubs.s                 0x00000000   Number         0  useno.o ABSOLUTE
    ../clib/microlib/stubs.s                 0x00000000   Number         0  iusefp.o ABSOLUTE
    ../fplib/microlib/d2f.c                  0x00000000   Number         0  d2f.o ABSOLUTE
    ../fplib/microlib/f2d.c                  0x00000000   Number         0  f2d.o ABSOLUTE
    ../fplib/microlib/fpadd.c                0x00000000   Number         0  fadd.o ABSOLUTE
    ../fplib/microlib/fpadd.c                0x00000000   Number         0  dadd.o ABSOLUTE
    ../fplib/microlib/fpdiv.c                0x00000000   Number         0  ddiv.o ABSOLUTE
    ../fplib/microlib/fpepilogue.c           0x00000000   Number         0  depilogue.o ABSOLUTE
    ../fplib/microlib/fpepilogue.c           0x00000000   Number         0  fepilogue.o ABSOLUTE
    ../fplib/microlib/fpfix.c                0x00000000   Number         0  dfixui.o ABSOLUTE
    ../fplib/microlib/fpfix.c                0x00000000   Number         0  dfixul.o ABSOLUTE
    ../fplib/microlib/fpflt.c                0x00000000   Number         0  fflti.o ABSOLUTE
    ../fplib/microlib/fpflt.c                0x00000000   Number         0  dfltui.o ABSOLUTE
    ../fplib/microlib/fpmul.c                0x00000000   Number         0  dmul.o ABSOLUTE
    ../fplib/microlib/fpmul.c                0x00000000   Number         0  fmul.o ABSOLUTE
    ..\CORE\core_cm3.c                       0x00000000   Number         0  core_cm3.o ABSOLUTE
    ..\CORE\startup_stm32f10x_hd.s           0x00000000   Number         0  startup_stm32f10x_hd.o ABSOLUTE
    ..\HARDWARE\Data_Processs\Data_P.c       0x00000000   Number         0  data_p.o ABSOLUTE
    ..\HARDWARE\LED\led.c                    0x00000000   Number         0  led.o ABSOLUTE
    ..\HARDWARE\LWM2M\LWM2M.c                0x00000000   Number         0  lwm2m.o ABSOLUTE
    ..\HARDWARE\USART2\usart2.c              0x00000000   Number         0  usart2.o ABSOLUTE
    ..\HARDWARE\USART3\usart3.c              0x00000000   Number         0  usart3.o ABSOLUTE
    ..\STM32F10x_FWLib\src\misc.c            0x00000000   Number         0  misc.o ABSOLUTE
    ..\STM32F10x_FWLib\src\stm32f10x_adc.c   0x00000000   Number         0  stm32f10x_adc.o ABSOLUTE
    ..\STM32F10x_FWLib\src\stm32f10x_bkp.c   0x00000000   Number         0  stm32f10x_bkp.o ABSOLUTE
    ..\STM32F10x_FWLib\src\stm32f10x_can.c   0x00000000   Number         0  stm32f10x_can.o ABSOLUTE
    ..\STM32F10x_FWLib\src\stm32f10x_cec.c   0x00000000   Number         0  stm32f10x_cec.o ABSOLUTE
    ..\STM32F10x_FWLib\src\stm32f10x_crc.c   0x00000000   Number         0  stm32f10x_crc.o ABSOLUTE
    ..\STM32F10x_FWLib\src\stm32f10x_dbgmcu.c 0x00000000   Number         0  stm32f10x_dbgmcu.o ABSOLUTE
    ..\STM32F10x_FWLib\src\stm32f10x_dma.c   0x00000000   Number         0  stm32f10x_dma.o ABSOLUTE
    ..\STM32F10x_FWLib\src\stm32f10x_exti.c  0x00000000   Number         0  stm32f10x_exti.o ABSOLUTE
    ..\STM32F10x_FWLib\src\stm32f10x_flash.c 0x00000000   Number         0  stm32f10x_flash.o ABSOLUTE
    ..\STM32F10x_FWLib\src\stm32f10x_fsmc.c  0x00000000   Number         0  stm32f10x_fsmc.o ABSOLUTE
    ..\STM32F10x_FWLib\src\stm32f10x_gpio.c  0x00000000   Number         0  stm32f10x_gpio.o ABSOLUTE
    ..\STM32F10x_FWLib\src\stm32f10x_iwdg.c  0x00000000   Number         0  stm32f10x_iwdg.o ABSOLUTE
    ..\STM32F10x_FWLib\src\stm32f10x_pwr.c   0x00000000   Number         0  stm32f10x_pwr.o ABSOLUTE
    ..\STM32F10x_FWLib\src\stm32f10x_rcc.c   0x00000000   Number         0  stm32f10x_rcc.o ABSOLUTE
    ..\STM32F10x_FWLib\src\stm32f10x_rtc.c   0x00000000   Number         0  stm32f10x_rtc.o ABSOLUTE
    ..\STM32F10x_FWLib\src\stm32f10x_sdio.c  0x00000000   Number         0  stm32f10x_sdio.o ABSOLUTE
    ..\STM32F10x_FWLib\src\stm32f10x_tim.c   0x00000000   Number         0  stm32f10x_tim.o ABSOLUTE
    ..\STM32F10x_FWLib\src\stm32f10x_usart.c 0x00000000   Number         0  stm32f10x_usart.o ABSOLUTE
    ..\SYSTEM\delay\delay.c                  0x00000000   Number         0  delay.o ABSOLUTE
    ..\SYSTEM\sys\sys.c                      0x00000000   Number         0  sys.o ABSOLUTE
    ..\SYSTEM\usart\usart.c                  0x00000000   Number         0  usart.o ABSOLUTE
    ..\\CORE\\core_cm3.c                     0x00000000   Number         0  core_cm3.o ABSOLUTE
    ..\\SYSTEM\\sys\\sys.c                   0x00000000   Number         0  sys.o ABSOLUTE
    cdcmple.s                                0x00000000   Number         0  cdcmple.o ABSOLUTE
    cdrcmple.s                               0x00000000   Number         0  cdrcmple.o ABSOLUTE
    dc.s                                     0x00000000   Number         0  dc.o ABSOLUTE
    handlers.s                               0x00000000   Number         0  handlers.o ABSOLUTE
    init.s                                   0x00000000   Number         0  init.o ABSOLUTE
    main.c                                   0x00000000   Number         0  main.o ABSOLUTE
    stm32f10x_it.c                           0x00000000   Number         0  stm32f10x_it.o ABSOLUTE
    system_stm32f10x.c                       0x00000000   Number         0  system_stm32f10x.o ABSOLUTE
    RESET                                    0x08000000   Section      304  startup_stm32f10x_hd.o(RESET)
    .ARM.Collect$$$$00000000                 0x08000130   Section        0  entry.o(.ARM.Collect$$$$00000000)
    .ARM.Collect$$$$00000001                 0x08000130   Section        4  entry2.o(.ARM.Collect$$$$00000001)
    .ARM.Collect$$$$00000004                 0x08000134   Section        4  entry5.o(.ARM.Collect$$$$00000004)
    .ARM.Collect$$$$00000008                 0x08000138   Section        0  entry7b.o(.ARM.Collect$$$$00000008)
    .ARM.Collect$$$$0000000A                 0x08000138   Section        0  entry8b.o(.ARM.Collect$$$$0000000A)
    .ARM.Collect$$$$0000000B                 0x08000138   Section        8  entry9a.o(.ARM.Collect$$$$0000000B)
    .ARM.Collect$$$$0000000D                 0x08000140   Section        0  entry10a.o(.ARM.Collect$$$$0000000D)
    .ARM.Collect$$$$0000000F                 0x08000140   Section        0  entry11a.o(.ARM.Collect$$$$0000000F)
    .ARM.Collect$$$$00002712                 0x08000140   Section        4  entry2.o(.ARM.Collect$$$$00002712)
    __lit__00000000                          0x08000140   Data           4  entry2.o(.ARM.Collect$$$$00002712)
    .text                                    0x08000144   Section        0  main.o(.text)
    .text                                    0x08000510   Section        0  stm32f10x_it.o(.text)
    .text                                    0x0800052c   Section        0  system_stm32f10x.o(.text)
    SetSysClockTo72                          0x0800052d   Thumb Code   214  system_stm32f10x.o(.text)
    SetSysClock                              0x08000603   Thumb Code     8  system_stm32f10x.o(.text)
    .text                                    0x0800070c   Section        0  led.o(.text)
    .text                                    0x0800075c   Section        0  usart2.o(.text)
    .text                                    0x080009a4   Section        0  data_p.o(.text)
    .text                                    0x08000b60   Section        0  usart3.o(.text)
    .text                                    0x08000cd0   Section        0  lwm2m.o(.text)
    .text                                    0x08001504   Section        0  delay.o(.text)
    .text                                    0x080015d8   Section        0  usart.o(.text)
    .text                                    0x08001738   Section       36  startup_stm32f10x_hd.o(.text)
    .text                                    0x0800175c   Section        0  stm32f10x_gpio.o(.text)
    .text                                    0x08001ab8   Section        0  stm32f10x_rcc.o(.text)
    .text                                    0x08001e5c   Section        0  stm32f10x_usart.o(.text)
    .text                                    0x08002264   Section        0  misc.o(.text)
    .text                                    0x08002340   Section        0  stm32f10x_dma.o(.text)
    .text                                    0x08002594   Section        0  stm32f10x_tim.o(.text)
    TI4_Config                               0x08002a3b   Thumb Code   130  stm32f10x_tim.o(.text)
    TI3_Config                               0x08002acf   Thumb Code   122  stm32f10x_tim.o(.text)
    TI2_Config                               0x08002b63   Thumb Code   130  stm32f10x_tim.o(.text)
    TI1_Config                               0x08002bf7   Thumb Code   108  stm32f10x_tim.o(.text)
    .text                                    0x080033ae   Section        0  memseta.o(.text)
    .text                                    0x080033d2   Section        0  strstr.o(.text)
    .text                                    0x080033f6   Section        0  fadd.o(.text)
    .text                                    0x080034a6   Section        0  fmul.o(.text)
    .text                                    0x0800350a   Section        0  dmul.o(.text)
    .text                                    0x080035ee   Section        0  ddiv.o(.text)
    .text                                    0x080036cc   Section        0  fflti.o(.text)
    .text                                    0x080036de   Section        0  dfltui.o(.text)
    .text                                    0x080036f8   Section        0  dfixui.o(.text)
    .text                                    0x0800372a   Section        0  f2d.o(.text)
    .text                                    0x08003750   Section       48  cdcmple.o(.text)
    .text                                    0x08003780   Section        0  d2f.o(.text)
    .text                                    0x080037b8   Section        0  uidiv.o(.text)
    .text                                    0x080037e4   Section        0  uldiv.o(.text)
    .text                                    0x08003846   Section        0  llushr.o(.text)
    .text                                    0x08003866   Section        0  iusefp.o(.text)
    .text                                    0x08003866   Section        0  fepilogue.o(.text)
    .text                                    0x080038d4   Section        0  depilogue.o(.text)
    .text                                    0x0800398e   Section        0  dadd.o(.text)
    .text                                    0x08003adc   Section        0  dfixul.o(.text)
    .text                                    0x08003b0c   Section       48  cdrcmple.o(.text)
    .text                                    0x08003b3c   Section       36  init.o(.text)
    .text                                    0x08003b60   Section        0  llshl.o(.text)
    .text                                    0x08003b7e   Section        0  llsshr.o(.text)
    i.__0printf                              0x08003ba4   Section        0  printfa.o(i.__0printf)
    i.__0sprintf                             0x08003bc4   Section        0  printfa.o(i.__0sprintf)
    i.__scatterload_copy                     0x08003bec   Section       14  handlers.o(i.__scatterload_copy)
    i.__scatterload_null                     0x08003bfa   Section        2  handlers.o(i.__scatterload_null)
    i.__scatterload_zeroinit                 0x08003bfc   Section       14  handlers.o(i.__scatterload_zeroinit)
    i._fp_digits                             0x08003c0c   Section        0  printfa.o(i._fp_digits)
    _fp_digits                               0x08003c0d   Thumb Code   334  printfa.o(i._fp_digits)
    i._printf_core                           0x08003d70   Section        0  printfa.o(i._printf_core)
    _printf_core                             0x08003d71   Thumb Code  1744  printfa.o(i._printf_core)
    i._printf_post_padding                   0x0800444c   Section        0  printfa.o(i._printf_post_padding)
    _printf_post_padding                     0x0800444d   Thumb Code    36  printfa.o(i._printf_post_padding)
    i._printf_pre_padding                    0x08004470   Section        0  printfa.o(i._printf_pre_padding)
    _printf_pre_padding                      0x08004471   Thumb Code    46  printfa.o(i._printf_pre_padding)
    i._sputc                                 0x0800449e   Section        0  printfa.o(i._sputc)
    _sputc                                   0x0800449f   Thumb Code    10  printfa.o(i._sputc)
    .conststring                             0x080044a8   Section        4  data_p.o(.conststring)
    .data                                    0x20000000   Section       40  main.o(.data)
    .data                                    0x20000028   Section       20  system_stm32f10x.o(.data)
    .data                                    0x2000003c   Section        2  usart2.o(.data)
    .data                                    0x20000040   Section      116  data_p.o(.data)
    .data                                    0x200000b4   Section        3  usart3.o(.data)
    .data                                    0x200000b8   Section        9  lwm2m.o(.data)
    .data                                    0x200000c2   Section        4  delay.o(.data)
    fac_us                                   0x200000c2   Data           1  delay.o(.data)
    fac_ms                                   0x200000c4   Data           2  delay.o(.data)
    .data                                    0x200000c8   Section        6  usart.o(.data)
    .data                                    0x200000ce   Section       20  stm32f10x_rcc.o(.data)
    APBAHBPrescTable                         0x200000ce   Data          16  stm32f10x_rcc.o(.data)
    ADCPrescTable                            0x200000de   Data           4  stm32f10x_rcc.o(.data)
    .bss                                     0x200000e8   Section     2048  usart2.o(.bss)
    .bss                                     0x200008e8   Section       12  data_p.o(.bss)
    .bss                                     0x200008f4   Section      200  usart3.o(.bss)
    .bss                                     0x200009bc   Section      200  usart.o(.bss)
    STACK                                    0x20000a88   Section     1024  startup_stm32f10x_hd.o(STACK)

    Global Symbols

    Symbol Name                              Value     Ov Type        Size  Object(Section)

    BuildAttributes$$THM_ISAv4$P$D$K$B$S$PE$A:L22UL41UL21$X:L11$S22US41US21$IEEE1$IW$USESV6$~STKCKD$USESV7$~SHL$OTIME$ROPI$EBA8$MICROLIB$REQ8$PRES8$EABIv2 0x00000000   Number         0  anon$$obj.o ABSOLUTE
    __ARM_use_no_argv                        0x00000000   Number         0  main.o ABSOLUTE
    __use_no_errno                           0x00000000   Number         0  useno.o ABSOLUTE
    __use_no_exception_handling              0x00000000   Number         0  useno.o ABSOLUTE
    __use_no_fp                              0x00000000   Number         0  useno.o ABSOLUTE
    __use_no_heap                            0x00000000   Number         0  useno.o ABSOLUTE
    __use_no_heap_region                     0x00000000   Number         0  useno.o ABSOLUTE
    __use_no_semihosting                     0x00000000   Number         0  useno.o ABSOLUTE
    __use_no_semihosting_swi                 0x00000000   Number         0  useno.o ABSOLUTE
    __use_no_signal_handling                 0x00000000   Number         0  useno.o ABSOLUTE
    _printf_a                                0x00000000   Number         0  stubs.o ABSOLUTE
    _printf_c                                0x00000000   Number         0  stubs.o ABSOLUTE
    _printf_charcount                        0x00000000   Number         0  stubs.o ABSOLUTE
    _printf_d                                0x00000000   Number         0  stubs.o ABSOLUTE
    _printf_e                                0x00000000   Number         0  stubs.o ABSOLUTE
    _printf_f                                0x00000000   Number         0  stubs.o ABSOLUTE
    _printf_flags                            0x00000000   Number         0  stubs.o ABSOLUTE
    _printf_fp_dec                           0x00000000   Number         0  stubs.o ABSOLUTE
    _printf_fp_hex                           0x00000000   Number         0  stubs.o ABSOLUTE
    _printf_g                                0x00000000   Number         0  stubs.o ABSOLUTE
    _printf_i                                0x00000000   Number         0  stubs.o ABSOLUTE
    _printf_int_dec                          0x00000000   Number         0  stubs.o ABSOLUTE
    _printf_l                                0x00000000   Number         0  stubs.o ABSOLUTE
    _printf_lc                               0x00000000   Number         0  stubs.o ABSOLUTE
    _printf_ll                               0x00000000   Number         0  stubs.o ABSOLUTE
    _printf_lld                              0x00000000   Number         0  stubs.o ABSOLUTE
    _printf_lli                              0x00000000   Number         0  stubs.o ABSOLUTE
    _printf_llo                              0x00000000   Number         0  stubs.o ABSOLUTE
    _printf_llu                              0x00000000   Number         0  stubs.o ABSOLUTE
    _printf_llx                              0x00000000   Number         0  stubs.o ABSOLUTE
    _printf_longlong_dec                     0x00000000   Number         0  stubs.o ABSOLUTE
    _printf_longlong_hex                     0x00000000   Number         0  stubs.o ABSOLUTE
    _printf_longlong_oct                     0x00000000   Number         0  stubs.o ABSOLUTE
    _printf_ls                               0x00000000   Number         0  stubs.o ABSOLUTE
    _printf_mbtowc                           0x00000000   Number         0  stubs.o ABSOLUTE
    _printf_n                                0x00000000   Number         0  stubs.o ABSOLUTE
    _printf_o                                0x00000000   Number         0  stubs.o ABSOLUTE
    _printf_p                                0x00000000   Number         0  stubs.o ABSOLUTE
    _printf_percent                          0x00000000   Number         0  stubs.o ABSOLUTE
    _printf_pre_padding                      0x00000000   Number         0  stubs.o ABSOLUTE
    _printf_return_value                     0x00000000   Number         0  stubs.o ABSOLUTE
    _printf_s                                0x00000000   Number         0  stubs.o ABSOLUTE
    _printf_sizespec                         0x00000000   Number         0  stubs.o ABSOLUTE
    _printf_str                              0x00000000   Number         0  stubs.o ABSOLUTE
    _printf_truncate_signed                  0x00000000   Number         0  stubs.o ABSOLUTE
    _printf_truncate_unsigned                0x00000000   Number         0  stubs.o ABSOLUTE
    _printf_u                                0x00000000   Number         0  stubs.o ABSOLUTE
    _printf_wc                               0x00000000   Number         0  stubs.o ABSOLUTE
    _printf_wctomb                           0x00000000   Number         0  stubs.o ABSOLUTE
    _printf_widthprec                        0x00000000   Number         0  stubs.o ABSOLUTE
    _printf_x                                0x00000000   Number         0  stubs.o ABSOLUTE
    __cpp_initialize__aeabi_                  - Undefined Weak Reference
    __cxa_finalize                            - Undefined Weak Reference
    __decompress                              - Undefined Weak Reference
    _clock_init                               - Undefined Weak Reference
    _microlib_exit                            - Undefined Weak Reference
    __Vectors_Size                           0x00000130   Number         0  startup_stm32f10x_hd.o ABSOLUTE
    __Vectors                                0x08000000   Data           4  startup_stm32f10x_hd.o(RESET)
    __Vectors_End                            0x08000130   Data           0  startup_stm32f10x_hd.o(RESET)
    __main                                   0x08000131   Thumb Code     0  entry.o(.ARM.Collect$$$$00000000)
    _main_stk                                0x08000131   Thumb Code     0  entry2.o(.ARM.Collect$$$$00000001)
    _main_scatterload                        0x08000135   Thumb Code     0  entry5.o(.ARM.Collect$$$$00000004)
    __main_after_scatterload                 0x08000139   Thumb Code     0  entry5.o(.ARM.Collect$$$$00000004)
    _main_clock                              0x08000139   Thumb Code     0  entry7b.o(.ARM.Collect$$$$00000008)
    _main_cpp_init                           0x08000139   Thumb Code     0  entry8b.o(.ARM.Collect$$$$0000000A)
    _main_init                               0x08000139   Thumb Code     0  entry9a.o(.ARM.Collect$$$$0000000B)
    __rt_final_cpp                           0x08000141   Thumb Code     0  entry10a.o(.ARM.Collect$$$$0000000D)
    __rt_final_exit                          0x08000141   Thumb Code     0  entry11a.o(.ARM.Collect$$$$0000000F)
    Data_Processing                          0x08000145   Thumb Code   516  main.o(.text)
    main                                     0x08000349   Thumb Code   290  main.o(.text)
    NMI_Handler                              0x08000511   Thumb Code     2  stm32f10x_it.o(.text)
    HardFault_Handler                        0x08000513   Thumb Code     4  stm32f10x_it.o(.text)
    MemManage_Handler                        0x08000517   Thumb Code     4  stm32f10x_it.o(.text)
    BusFault_Handler                         0x0800051b   Thumb Code     4  stm32f10x_it.o(.text)
    UsageFault_Handler                       0x0800051f   Thumb Code     4  stm32f10x_it.o(.text)
    SVC_Handler                              0x08000523   Thumb Code     2  stm32f10x_it.o(.text)
    DebugMon_Handler                         0x08000525   Thumb Code     2  stm32f10x_it.o(.text)
    PendSV_Handler                           0x08000527   Thumb Code     2  stm32f10x_it.o(.text)
    SysTick_Handler                          0x08000529   Thumb Code     2  stm32f10x_it.o(.text)
    SystemInit                               0x0800060b   Thumb Code    78  system_stm32f10x.o(.text)
    SystemCoreClockUpdate                    0x08000659   Thumb Code   142  system_stm32f10x.o(.text)
    LED_Init                                 0x0800070d   Thumb Code    72  led.o(.text)
    TIM4_Set                                 0x0800075d   Thumb Code    34  usart2.o(.text)
    USART2_IRQHandler                        0x0800077f   Thumb Code    84  usart2.o(.text)
    TIM4_Init                                0x080007d3   Thumb Code    82  usart2.o(.text)
    UART_DMA_Config                          0x08000825   Thumb Code    72  usart2.o(.text)
    USART2_Init                              0x0800086d   Thumb Code   210  usart2.o(.text)
    TIM4_IRQHandler                          0x0800093f   Thumb Code    40  usart2.o(.text)
    UART_DMA_Enable                          0x08000967   Thumb Code    32  usart2.o(.text)
    elec_jude                                0x080009a5   Thumb Code   242  data_p.o(.text)
    Elec_learn                               0x08000a97   Thumb Code   156  data_p.o(.text)
    usart3_init                              0x08000b61   Thumb Code   178  usart3.o(.text)
    Uart3_SendStr                            0x08000c13   Thumb Code    34  usart3.o(.text)
    Uart3_SendArr                            0x08000c35   Thumb Code    34  usart3.o(.text)
    USART3_IRQHandler                        0x08000c57   Thumb Code    98  usart3.o(.text)
    Clear_Buffer                             0x08000cd1   Thumb Code    44  lwm2m.o(.text)
    Cmd_AT                                   0x08000cfd   Thumb Code    90  lwm2m.o(.text)
    Cmd_CSQ                                  0x08000d57   Thumb Code    90  lwm2m.o(.text)
    Cmd_CGATT                                0x08000db1   Thumb Code   104  lwm2m.o(.text)
    Cmd_MIPLCREATE                           0x08000e19   Thumb Code    46  lwm2m.o(.text)
    Cmd_MIPLADDOBJ                           0x08000e47   Thumb Code    48  lwm2m.o(.text)
    Cmd_MIPLOPEN                             0x08000e77   Thumb Code    56  lwm2m.o(.text)
    Cmd_Deinit                               0x08000eaf   Thumb Code    44  lwm2m.o(.text)
    Cmd_MIPLNOTIFY_float                     0x08000edb   Thumb Code   154  lwm2m.o(.text)
    Cmd_MIPLNOTIFY_integer                   0x08000f75   Thumb Code   134  lwm2m.o(.text)
    Cmd_MIPLNOTIFY_strInit                   0x08000ffb   Thumb Code   126  lwm2m.o(.text)
    Cmd_MIPLNOTIFY_OK                        0x08001079   Thumb Code   712  lwm2m.o(.text)
    Cmd_MIPLEXECUTERSP                       0x08001341   Thumb Code   294  lwm2m.o(.text)
    BC35_Init                                0x08001467   Thumb Code    40  lwm2m.o(.text)
    delay_init                               0x08001505   Thumb Code    50  delay.o(.text)
    delay_us                                 0x08001537   Thumb Code    72  delay.o(.text)
    delay_ms                                 0x0800157f   Thumb Code    72  delay.o(.text)
    _sys_exit                                0x080015d9   Thumb Code     4  usart.o(.text)
    fputc                                    0x080015dd   Thumb Code    24  usart.o(.text)
    uart_init                                0x080015f5   Thumb Code   152  usart.o(.text)
    Uart_SendStr                             0x0800168d   Thumb Code    34  usart.o(.text)
    USART1_IRQHandler                        0x080016af   Thumb Code   122  usart.o(.text)
    Reset_Handler                            0x08001739   Thumb Code     8  startup_stm32f10x_hd.o(.text)
    ADC1_2_IRQHandler                        0x08001753   Thumb Code     0  startup_stm32f10x_hd.o(.text)
    ADC3_IRQHandler                          0x08001753   Thumb Code     0  startup_stm32f10x_hd.o(.text)
    CAN1_RX1_IRQHandler                      0x08001753   Thumb Code     0  startup_stm32f10x_hd.o(.text)
    CAN1_SCE_IRQHandler                      0x08001753   Thumb Code     0  startup_stm32f10x_hd.o(.text)
    DMA1_Channel1_IRQHandler                 0x08001753   Thumb Code     0  startup_stm32f10x_hd.o(.text)
    DMA1_Channel2_IRQHandler                 0x08001753   Thumb Code     0  startup_stm32f10x_hd.o(.text)
    DMA1_Channel3_IRQHandler                 0x08001753   Thumb Code     0  startup_stm32f10x_hd.o(.text)
    DMA1_Channel4_IRQHandler                 0x08001753   Thumb Code     0  startup_stm32f10x_hd.o(.text)
    DMA1_Channel5_IRQHandler                 0x08001753   Thumb Code     0  startup_stm32f10x_hd.o(.text)
    DMA1_Channel6_IRQHandler                 0x08001753   Thumb Code     0  startup_stm32f10x_hd.o(.text)
    DMA1_Channel7_IRQHandler                 0x08001753   Thumb Code     0  startup_stm32f10x_hd.o(.text)
    DMA2_Channel1_IRQHandler                 0x08001753   Thumb Code     0  startup_stm32f10x_hd.o(.text)
    DMA2_Channel2_IRQHandler                 0x08001753   Thumb Code     0  startup_stm32f10x_hd.o(.text)
    DMA2_Channel3_IRQHandler                 0x08001753   Thumb Code     0  startup_stm32f10x_hd.o(.text)
    DMA2_Channel4_5_IRQHandler               0x08001753   Thumb Code     0  startup_stm32f10x_hd.o(.text)
    EXTI0_IRQHandler                         0x08001753   Thumb Code     0  startup_stm32f10x_hd.o(.text)
    EXTI15_10_IRQHandler                     0x08001753   Thumb Code     0  startup_stm32f10x_hd.o(.text)
    EXTI1_IRQHandler                         0x08001753   Thumb Code     0  startup_stm32f10x_hd.o(.text)
    EXTI2_IRQHandler                         0x08001753   Thumb Code     0  startup_stm32f10x_hd.o(.text)
    EXTI3_IRQHandler                         0x08001753   Thumb Code     0  startup_stm32f10x_hd.o(.text)
    EXTI4_IRQHandler                         0x08001753   Thumb Code     0  startup_stm32f10x_hd.o(.text)
    EXTI9_5_IRQHandler                       0x08001753   Thumb Code     0  startup_stm32f10x_hd.o(.text)
    FLASH_IRQHandler                         0x08001753   Thumb Code     0  startup_stm32f10x_hd.o(.text)
    FSMC_IRQHandler                          0x08001753   Thumb Code     0  startup_stm32f10x_hd.o(.text)
    I2C1_ER_IRQHandler                       0x08001753   Thumb Code     0  startup_stm32f10x_hd.o(.text)
    I2C1_EV_IRQHandler                       0x08001753   Thumb Code     0  startup_stm32f10x_hd.o(.text)
    I2C2_ER_IRQHandler                       0x08001753   Thumb Code     0  startup_stm32f10x_hd.o(.text)
    I2C2_EV_IRQHandler                       0x08001753   Thumb Code     0  startup_stm32f10x_hd.o(.text)
    PVD_IRQHandler                           0x08001753   Thumb Code     0  startup_stm32f10x_hd.o(.text)
    RCC_IRQHandler                           0x08001753   Thumb Code     0  startup_stm32f10x_hd.o(.text)
    RTCAlarm_IRQHandler                      0x08001753   Thumb Code     0  startup_stm32f10x_hd.o(.text)
    RTC_IRQHandler                           0x08001753   Thumb Code     0  startup_stm32f10x_hd.o(.text)
    SDIO_IRQHandler                          0x08001753   Thumb Code     0  startup_stm32f10x_hd.o(.text)
    SPI1_IRQHandler                          0x08001753   Thumb Code     0  startup_stm32f10x_hd.o(.text)
    SPI2_IRQHandler                          0x08001753   Thumb Code     0  startup_stm32f10x_hd.o(.text)
    SPI3_IRQHandler                          0x08001753   Thumb Code     0  startup_stm32f10x_hd.o(.text)
    TAMPER_IRQHandler                        0x08001753   Thumb Code     0  startup_stm32f10x_hd.o(.text)
    TIM1_BRK_IRQHandler                      0x08001753   Thumb Code     0  startup_stm32f10x_hd.o(.text)
    TIM1_CC_IRQHandler                       0x08001753   Thumb Code     0  startup_stm32f10x_hd.o(.text)
    TIM1_TRG_COM_IRQHandler                  0x08001753   Thumb Code     0  startup_stm32f10x_hd.o(.text)
    TIM1_UP_IRQHandler                       0x08001753   Thumb Code     0  startup_stm32f10x_hd.o(.text)
    TIM2_IRQHandler                          0x08001753   Thumb Code     0  startup_stm32f10x_hd.o(.text)
    TIM3_IRQHandler                          0x08001753   Thumb Code     0  startup_stm32f10x_hd.o(.text)
    TIM5_IRQHandler                          0x08001753   Thumb Code     0  startup_stm32f10x_hd.o(.text)
    TIM6_IRQHandler                          0x08001753   Thumb Code     0  startup_stm32f10x_hd.o(.text)
    TIM7_IRQHandler                          0x08001753   Thumb Code     0  startup_stm32f10x_hd.o(.text)
    TIM8_BRK_IRQHandler                      0x08001753   Thumb Code     0  startup_stm32f10x_hd.o(.text)
    TIM8_CC_IRQHandler                       0x08001753   Thumb Code     0  startup_stm32f10x_hd.o(.text)
    TIM8_TRG_COM_IRQHandler                  0x08001753   Thumb Code     0  startup_stm32f10x_hd.o(.text)
    TIM8_UP_IRQHandler                       0x08001753   Thumb Code     0  startup_stm32f10x_hd.o(.text)
    UART4_IRQHandler                         0x08001753   Thumb Code     0  startup_stm32f10x_hd.o(.text)
    UART5_IRQHandler                         0x08001753   Thumb Code     0  startup_stm32f10x_hd.o(.text)
    USBWakeUp_IRQHandler                     0x08001753   Thumb Code     0  startup_stm32f10x_hd.o(.text)
    USB_HP_CAN1_TX_IRQHandler                0x08001753   Thumb Code     0  startup_stm32f10x_hd.o(.text)
    USB_LP_CAN1_RX0_IRQHandler               0x08001753   Thumb Code     0  startup_stm32f10x_hd.o(.text)
    WWDG_IRQHandler                          0x08001753   Thumb Code     0  startup_stm32f10x_hd.o(.text)
    GPIO_DeInit                              0x0800175d   Thumb Code   172  stm32f10x_gpio.o(.text)
    GPIO_AFIODeInit                          0x08001809   Thumb Code    20  stm32f10x_gpio.o(.text)
    GPIO_Init                                0x0800181d   Thumb Code   278  stm32f10x_gpio.o(.text)
    GPIO_StructInit                          0x08001933   Thumb Code    16  stm32f10x_gpio.o(.text)
    GPIO_ReadInputDataBit                    0x08001943   Thumb Code    18  stm32f10x_gpio.o(.text)
    GPIO_ReadInputData                       0x08001955   Thumb Code     8  stm32f10x_gpio.o(.text)
    GPIO_ReadOutputDataBit                   0x0800195d   Thumb Code    18  stm32f10x_gpio.o(.text)
    GPIO_ReadOutputData                      0x0800196f   Thumb Code     8  stm32f10x_gpio.o(.text)
    GPIO_SetBits                             0x08001977   Thumb Code     4  stm32f10x_gpio.o(.text)
    GPIO_ResetBits                           0x0800197b   Thumb Code     4  stm32f10x_gpio.o(.text)
    GPIO_WriteBit                            0x0800197f   Thumb Code    10  stm32f10x_gpio.o(.text)
    GPIO_Write                               0x08001989   Thumb Code     4  stm32f10x_gpio.o(.text)
    GPIO_PinLockConfig                       0x0800198d   Thumb Code    18  stm32f10x_gpio.o(.text)
    GPIO_EventOutputConfig                   0x0800199f   Thumb Code    26  stm32f10x_gpio.o(.text)
    GPIO_EventOutputCmd                      0x080019b9   Thumb Code     6  stm32f10x_gpio.o(.text)
    GPIO_PinRemapConfig                      0x080019bf   Thumb Code   138  stm32f10x_gpio.o(.text)
    GPIO_EXTILineConfig                      0x08001a49   Thumb Code    66  stm32f10x_gpio.o(.text)
    GPIO_ETH_MediaInterfaceConfig            0x08001a8b   Thumb Code     8  stm32f10x_gpio.o(.text)
    RCC_DeInit                               0x08001ab9   Thumb Code    64  stm32f10x_rcc.o(.text)
    RCC_HSEConfig                            0x08001af9   Thumb Code    70  stm32f10x_rcc.o(.text)
    RCC_GetFlagStatus                        0x08001b3f   Thumb Code    56  stm32f10x_rcc.o(.text)
    RCC_WaitForHSEStartUp                    0x08001b77   Thumb Code    56  stm32f10x_rcc.o(.text)
    RCC_AdjustHSICalibrationValue            0x08001baf   Thumb Code    20  stm32f10x_rcc.o(.text)
    RCC_HSICmd                               0x08001bc3   Thumb Code     6  stm32f10x_rcc.o(.text)
    RCC_PLLConfig                            0x08001bc9   Thumb Code    24  stm32f10x_rcc.o(.text)
    RCC_PLLCmd                               0x08001be1   Thumb Code     6  stm32f10x_rcc.o(.text)
    RCC_SYSCLKConfig                         0x08001be7   Thumb Code    18  stm32f10x_rcc.o(.text)
    RCC_GetSYSCLKSource                      0x08001bf9   Thumb Code    10  stm32f10x_rcc.o(.text)
    RCC_HCLKConfig                           0x08001c03   Thumb Code    18  stm32f10x_rcc.o(.text)
    RCC_PCLK1Config                          0x08001c15   Thumb Code    18  stm32f10x_rcc.o(.text)
    RCC_PCLK2Config                          0x08001c27   Thumb Code    20  stm32f10x_rcc.o(.text)
    RCC_ITConfig                             0x08001c3b   Thumb Code    26  stm32f10x_rcc.o(.text)
    RCC_USBCLKConfig                         0x08001c55   Thumb Code     8  stm32f10x_rcc.o(.text)
    RCC_ADCCLKConfig                         0x08001c5d   Thumb Code    18  stm32f10x_rcc.o(.text)
    RCC_LSEConfig                            0x08001c6f   Thumb Code    50  stm32f10x_rcc.o(.text)
    RCC_LSICmd                               0x08001ca1   Thumb Code     6  stm32f10x_rcc.o(.text)
    RCC_RTCCLKConfig                         0x08001ca7   Thumb Code    12  stm32f10x_rcc.o(.text)
    RCC_RTCCLKCmd                            0x08001cb3   Thumb Code     8  stm32f10x_rcc.o(.text)
    RCC_GetClocksFreq                        0x08001cbb   Thumb Code   192  stm32f10x_rcc.o(.text)
    RCC_AHBPeriphClockCmd                    0x08001d7b   Thumb Code    26  stm32f10x_rcc.o(.text)
    RCC_APB2PeriphClockCmd                   0x08001d95   Thumb Code    26  stm32f10x_rcc.o(.text)
    RCC_APB1PeriphClockCmd                   0x08001daf   Thumb Code    26  stm32f10x_rcc.o(.text)
    RCC_APB2PeriphResetCmd                   0x08001dc9   Thumb Code    26  stm32f10x_rcc.o(.text)
    RCC_APB1PeriphResetCmd                   0x08001de3   Thumb Code    26  stm32f10x_rcc.o(.text)
    RCC_BackupResetCmd                       0x08001dfd   Thumb Code     8  stm32f10x_rcc.o(.text)
    RCC_ClockSecuritySystemCmd               0x08001e05   Thumb Code     6  stm32f10x_rcc.o(.text)
    RCC_MCOConfig                            0x08001e0b   Thumb Code     6  stm32f10x_rcc.o(.text)
    RCC_ClearFlag                            0x08001e11   Thumb Code    14  stm32f10x_rcc.o(.text)
    RCC_GetITStatus                          0x08001e1f   Thumb Code    20  stm32f10x_rcc.o(.text)
    RCC_ClearITPendingBit                    0x08001e33   Thumb Code     6  stm32f10x_rcc.o(.text)
    USART_DeInit                             0x08001e5d   Thumb Code   134  stm32f10x_usart.o(.text)
    USART_Init                               0x08001ee3   Thumb Code   210  stm32f10x_usart.o(.text)
    USART_StructInit                         0x08001fb5   Thumb Code    24  stm32f10x_usart.o(.text)
    USART_ClockInit                          0x08001fcd   Thumb Code    34  stm32f10x_usart.o(.text)
    USART_ClockStructInit                    0x08001fef   Thumb Code    12  stm32f10x_usart.o(.text)
    USART_Cmd                                0x08001ffb   Thumb Code    24  stm32f10x_usart.o(.text)
    USART_ITConfig                           0x08002013   Thumb Code    74  stm32f10x_usart.o(.text)
    USART_DMACmd                             0x0800205d   Thumb Code    18  stm32f10x_usart.o(.text)
    USART_SetAddress                         0x0800206f   Thumb Code    18  stm32f10x_usart.o(.text)
    USART_WakeUpConfig                       0x08002081   Thumb Code    18  stm32f10x_usart.o(.text)
    USART_ReceiverWakeUpCmd                  0x08002093   Thumb Code    24  stm32f10x_usart.o(.text)
    USART_LINBreakDetectLengthConfig         0x080020ab   Thumb Code    18  stm32f10x_usart.o(.text)
    USART_LINCmd                             0x080020bd   Thumb Code    24  stm32f10x_usart.o(.text)
    USART_SendData                           0x080020d5   Thumb Code     8  stm32f10x_usart.o(.text)
    USART_ReceiveData                        0x080020dd   Thumb Code    10  stm32f10x_usart.o(.text)
    USART_SendBreak                          0x080020e7   Thumb Code    10  stm32f10x_usart.o(.text)
    USART_SetGuardTime                       0x080020f1   Thumb Code    16  stm32f10x_usart.o(.text)
    USART_SetPrescaler                       0x08002101   Thumb Code    16  stm32f10x_usart.o(.text)
    USART_SmartCardCmd                       0x08002111   Thumb Code    24  stm32f10x_usart.o(.text)
    USART_SmartCardNACKCmd                   0x08002129   Thumb Code    24  stm32f10x_usart.o(.text)
    USART_HalfDuplexCmd                      0x08002141   Thumb Code    24  stm32f10x_usart.o(.text)
    USART_OverSampling8Cmd                   0x08002159   Thumb Code    22  stm32f10x_usart.o(.text)
    USART_OneBitMethodCmd                    0x0800216f   Thumb Code    24  stm32f10x_usart.o(.text)
    USART_IrDAConfig                         0x08002187   Thumb Code    18  stm32f10x_usart.o(.text)
    USART_IrDACmd                            0x08002199   Thumb Code    24  stm32f10x_usart.o(.text)
    USART_GetFlagStatus                      0x080021b1   Thumb Code    26  stm32f10x_usart.o(.text)
    USART_ClearFlag                          0x080021cb   Thumb Code    18  stm32f10x_usart.o(.text)
    USART_GetITStatus                        0x080021dd   Thumb Code    84  stm32f10x_usart.o(.text)
    USART_ClearITPendingBit                  0x08002231   Thumb Code    52  stm32f10x_usart.o(.text)
    NVIC_PriorityGroupConfig                 0x08002265   Thumb Code    10  misc.o(.text)
    NVIC_Init                                0x0800226f   Thumb Code   100  misc.o(.text)
    NVIC_SetVectorTable                      0x080022d3   Thumb Code    14  misc.o(.text)
    NVIC_SystemLPConfig                      0x080022e1   Thumb Code    34  misc.o(.text)
    SysTick_CLKSourceConfig                  0x08002303   Thumb Code    40  misc.o(.text)
    DMA_DeInit                               0x08002341   Thumb Code   324  stm32f10x_dma.o(.text)
    DMA_Init                                 0x08002485   Thumb Code    60  stm32f10x_dma.o(.text)
    DMA_StructInit                           0x080024c1   Thumb Code    26  stm32f10x_dma.o(.text)
    DMA_Cmd                                  0x080024db   Thumb Code    24  stm32f10x_dma.o(.text)
    DMA_ITConfig                             0x080024f3   Thumb Code    18  stm32f10x_dma.o(.text)
    DMA_SetCurrDataCounter                   0x08002505   Thumb Code     4  stm32f10x_dma.o(.text)
    DMA_GetCurrDataCounter                   0x08002509   Thumb Code     8  stm32f10x_dma.o(.text)
    DMA_GetFlagStatus                        0x08002511   Thumb Code    40  stm32f10x_dma.o(.text)
    DMA_ClearFlag                            0x08002539   Thumb Code    22  stm32f10x_dma.o(.text)
    DMA_GetITStatus                          0x0800254f   Thumb Code    40  stm32f10x_dma.o(.text)
    DMA_ClearITPendingBit                    0x08002577   Thumb Code    22  stm32f10x_dma.o(.text)
    TIM_DeInit                               0x08002595   Thumb Code   424  stm32f10x_tim.o(.text)
    TIM_TimeBaseInit                         0x0800273d   Thumb Code   122  stm32f10x_tim.o(.text)
    TIM_OC1Init                              0x080027b7   Thumb Code   132  stm32f10x_tim.o(.text)
    TIM_OC2Init                              0x0800283b   Thumb Code   154  stm32f10x_tim.o(.text)
    TIM_OC3Init                              0x080028d5   Thumb Code   150  stm32f10x_tim.o(.text)
    TIM_OC4Init                              0x0800296b   Thumb Code   182  stm32f10x_tim.o(.text)
    TIM_SetIC4Prescaler                      0x08002a21   Thumb Code    26  stm32f10x_tim.o(.text)
    TIM_SetIC3Prescaler                      0x08002abd   Thumb Code    18  stm32f10x_tim.o(.text)
    TIM_SetIC2Prescaler                      0x08002b49   Thumb Code    26  stm32f10x_tim.o(.text)
    TIM_SetIC1Prescaler                      0x08002be5   Thumb Code    18  stm32f10x_tim.o(.text)
    TIM_ICInit                               0x08002c63   Thumb Code   150  stm32f10x_tim.o(.text)
    TIM_PWMIConfig                           0x08002cf9   Thumb Code   124  stm32f10x_tim.o(.text)
    TIM_BDTRConfig                           0x08002d75   Thumb Code    32  stm32f10x_tim.o(.text)
    TIM_TimeBaseStructInit                   0x08002d95   Thumb Code    18  stm32f10x_tim.o(.text)
    TIM_OCStructInit                         0x08002da7   Thumb Code    20  stm32f10x_tim.o(.text)
    TIM_ICStructInit                         0x08002dbb   Thumb Code    18  stm32f10x_tim.o(.text)
    TIM_BDTRStructInit                       0x08002dcd   Thumb Code    40  stm32f10x_tim.o(.text)
    TIM_Cmd                                  0x08002df5   Thumb Code    24  stm32f10x_tim.o(.text)
    TIM_CtrlPWMOutputs                       0x08002e0d   Thumb Code    30  stm32f10x_tim.o(.text)
    TIM_ITConfig                             0x08002e2b   Thumb Code    18  stm32f10x_tim.o(.text)
    TIM_GenerateEvent                        0x08002e3d   Thumb Code     4  stm32f10x_tim.o(.text)
    TIM_DMAConfig                            0x08002e41   Thumb Code    10  stm32f10x_tim.o(.text)
    TIM_DMACmd                               0x08002e4b   Thumb Code    18  stm32f10x_tim.o(.text)
    TIM_InternalClockConfig                  0x08002e5d   Thumb Code    12  stm32f10x_tim.o(.text)
    TIM_SelectInputTrigger                   0x08002e69   Thumb Code    18  stm32f10x_tim.o(.text)
    TIM_ITRxExternalClockConfig              0x08002e7b   Thumb Code    24  stm32f10x_tim.o(.text)
    TIM_TIxExternalClockConfig               0x08002e93   Thumb Code    62  stm32f10x_tim.o(.text)
    TIM_ETRConfig                            0x08002ed1   Thumb Code    28  stm32f10x_tim.o(.text)
    TIM_ETRClockMode1Config                  0x08002eed   Thumb Code    54  stm32f10x_tim.o(.text)
    TIM_ETRClockMode2Config                  0x08002f23   Thumb Code    32  stm32f10x_tim.o(.text)
    TIM_PrescalerConfig                      0x08002f43   Thumb Code     6  stm32f10x_tim.o(.text)
    TIM_CounterModeConfig                    0x08002f49   Thumb Code    18  stm32f10x_tim.o(.text)
    TIM_EncoderInterfaceConfig               0x08002f5b   Thumb Code    66  stm32f10x_tim.o(.text)
    TIM_ForcedOC1Config                      0x08002f9d   Thumb Code    18  stm32f10x_tim.o(.text)
    TIM_ForcedOC2Config                      0x08002faf   Thumb Code    26  stm32f10x_tim.o(.text)
    TIM_ForcedOC3Config                      0x08002fc9   Thumb Code    18  stm32f10x_tim.o(.text)
    TIM_ForcedOC4Config                      0x08002fdb   Thumb Code    26  stm32f10x_tim.o(.text)
    TIM_ARRPreloadConfig                     0x08002ff5   Thumb Code    24  stm32f10x_tim.o(.text)
    TIM_SelectCOM                            0x0800300d   Thumb Code    24  stm32f10x_tim.o(.text)
    TIM_SelectCCDMA                          0x08003025   Thumb Code    24  stm32f10x_tim.o(.text)
    TIM_CCPreloadControl                     0x0800303d   Thumb Code    24  stm32f10x_tim.o(.text)
    TIM_OC1PreloadConfig                     0x08003055   Thumb Code    18  stm32f10x_tim.o(.text)
    TIM_OC2PreloadConfig                     0x08003067   Thumb Code    26  stm32f10x_tim.o(.text)
    TIM_OC3PreloadConfig                     0x08003081   Thumb Code    18  stm32f10x_tim.o(.text)
    TIM_OC4PreloadConfig                     0x08003093   Thumb Code    26  stm32f10x_tim.o(.text)
    TIM_OC1FastConfig                        0x080030ad   Thumb Code    18  stm32f10x_tim.o(.text)
    TIM_OC2FastConfig                        0x080030bf   Thumb Code    26  stm32f10x_tim.o(.text)
    TIM_OC3FastConfig                        0x080030d9   Thumb Code    18  stm32f10x_tim.o(.text)
    TIM_OC4FastConfig                        0x080030eb   Thumb Code    26  stm32f10x_tim.o(.text)
    TIM_ClearOC1Ref                          0x08003105   Thumb Code    18  stm32f10x_tim.o(.text)
    TIM_ClearOC2Ref                          0x08003117   Thumb Code    24  stm32f10x_tim.o(.text)
    TIM_ClearOC3Ref                          0x0800312f   Thumb Code    18  stm32f10x_tim.o(.text)
    TIM_ClearOC4Ref                          0x08003141   Thumb Code    24  stm32f10x_tim.o(.text)
    TIM_OC1PolarityConfig                    0x08003159   Thumb Code    18  stm32f10x_tim.o(.text)
    TIM_OC1NPolarityConfig                   0x0800316b   Thumb Code    18  stm32f10x_tim.o(.text)
    TIM_OC2PolarityConfig                    0x0800317d   Thumb Code    26  stm32f10x_tim.o(.text)
    TIM_OC2NPolarityConfig                   0x08003197   Thumb Code    26  stm32f10x_tim.o(.text)
    TIM_OC3PolarityConfig                    0x080031b1   Thumb Code    26  stm32f10x_tim.o(.text)
    TIM_OC3NPolarityConfig                   0x080031cb   Thumb Code    26  stm32f10x_tim.o(.text)
    TIM_OC4PolarityConfig                    0x080031e5   Thumb Code    26  stm32f10x_tim.o(.text)
    TIM_CCxCmd                               0x080031ff   Thumb Code    30  stm32f10x_tim.o(.text)
    TIM_CCxNCmd                              0x0800321d   Thumb Code    30  stm32f10x_tim.o(.text)
    TIM_SelectOCxM                           0x0800323b   Thumb Code    82  stm32f10x_tim.o(.text)
    TIM_UpdateDisableConfig                  0x0800328d   Thumb Code    24  stm32f10x_tim.o(.text)
    TIM_UpdateRequestConfig                  0x080032a5   Thumb Code    24  stm32f10x_tim.o(.text)
    TIM_SelectHallSensor                     0x080032bd   Thumb Code    24  stm32f10x_tim.o(.text)
    TIM_SelectOnePulseMode                   0x080032d5   Thumb Code    18  stm32f10x_tim.o(.text)
    TIM_SelectOutputTrigger                  0x080032e7   Thumb Code    18  stm32f10x_tim.o(.text)
    TIM_SelectSlaveMode                      0x080032f9   Thumb Code    18  stm32f10x_tim.o(.text)
    TIM_SelectMasterSlaveMode                0x0800330b   Thumb Code    18  stm32f10x_tim.o(.text)
    TIM_SetCounter                           0x0800331d   Thumb Code     4  stm32f10x_tim.o(.text)
    TIM_SetAutoreload                        0x08003321   Thumb Code     4  stm32f10x_tim.o(.text)
    TIM_SetCompare1                          0x08003325   Thumb Code     4  stm32f10x_tim.o(.text)
    TIM_SetCompare2                          0x08003329   Thumb Code     4  stm32f10x_tim.o(.text)
    TIM_SetCompare3                          0x0800332d   Thumb Code     4  stm32f10x_tim.o(.text)
    TIM_SetCompare4                          0x08003331   Thumb Code     6  stm32f10x_tim.o(.text)
    TIM_SetClockDivision                     0x08003337   Thumb Code    18  stm32f10x_tim.o(.text)
    TIM_GetCapture1                          0x08003349   Thumb Code     6  stm32f10x_tim.o(.text)
    TIM_GetCapture2                          0x0800334f   Thumb Code     6  stm32f10x_tim.o(.text)
    TIM_GetCapture3                          0x08003355   Thumb Code     6  stm32f10x_tim.o(.text)
    TIM_GetCapture4                          0x0800335b   Thumb Code     8  stm32f10x_tim.o(.text)
    TIM_GetCounter                           0x08003363   Thumb Code     6  stm32f10x_tim.o(.text)
    TIM_GetPrescaler                         0x08003369   Thumb Code     6  stm32f10x_tim.o(.text)
    TIM_GetFlagStatus                        0x0800336f   Thumb Code    18  stm32f10x_tim.o(.text)
    TIM_ClearFlag                            0x08003381   Thumb Code     6  stm32f10x_tim.o(.text)
    TIM_GetITStatus                          0x08003387   Thumb Code    34  stm32f10x_tim.o(.text)
    TIM_ClearITPendingBit                    0x080033a9   Thumb Code     6  stm32f10x_tim.o(.text)
    __aeabi_memset                           0x080033af   Thumb Code    14  memseta.o(.text)
    __aeabi_memset4                          0x080033af   Thumb Code     0  memseta.o(.text)
    __aeabi_memset8                          0x080033af   Thumb Code     0  memseta.o(.text)
    __aeabi_memclr                           0x080033bd   Thumb Code     4  memseta.o(.text)
    __aeabi_memclr4                          0x080033bd   Thumb Code     0  memseta.o(.text)
    __aeabi_memclr8                          0x080033bd   Thumb Code     0  memseta.o(.text)
    _memset$wrapper                          0x080033c1   Thumb Code    18  memseta.o(.text)
    strstr                                   0x080033d3   Thumb Code    36  strstr.o(.text)
    __aeabi_fadd                             0x080033f7   Thumb Code   164  fadd.o(.text)
    __aeabi_fsub                             0x0800349b   Thumb Code     6  fadd.o(.text)
    __aeabi_frsub                            0x080034a1   Thumb Code     6  fadd.o(.text)
    __aeabi_fmul                             0x080034a7   Thumb Code   100  fmul.o(.text)
    __aeabi_dmul                             0x0800350b   Thumb Code   228  dmul.o(.text)
    __aeabi_ddiv                             0x080035ef   Thumb Code   222  ddiv.o(.text)
    __aeabi_i2f                              0x080036cd   Thumb Code    18  fflti.o(.text)
    __aeabi_ui2d                             0x080036df   Thumb Code    26  dfltui.o(.text)
    __aeabi_d2uiz                            0x080036f9   Thumb Code    50  dfixui.o(.text)
    __aeabi_f2d                              0x0800372b   Thumb Code    38  f2d.o(.text)
    __aeabi_cdcmpeq                          0x08003751   Thumb Code     0  cdcmple.o(.text)
    __aeabi_cdcmple                          0x08003751   Thumb Code    48  cdcmple.o(.text)
    __aeabi_d2f                              0x08003781   Thumb Code    56  d2f.o(.text)
    __aeabi_uidiv                            0x080037b9   Thumb Code     0  uidiv.o(.text)
    __aeabi_uidivmod                         0x080037b9   Thumb Code    44  uidiv.o(.text)
    __aeabi_uldivmod                         0x080037e5   Thumb Code    98  uldiv.o(.text)
    __aeabi_llsr                             0x08003847   Thumb Code    32  llushr.o(.text)
    _ll_ushift_r                             0x08003847   Thumb Code     0  llushr.o(.text)
    __I$use$fp                               0x08003867   Thumb Code     0  iusefp.o(.text)
    _float_round                             0x08003867   Thumb Code    18  fepilogue.o(.text)
    _float_epilogue                          0x08003879   Thumb Code    92  fepilogue.o(.text)
    _double_round                            0x080038d5   Thumb Code    30  depilogue.o(.text)
    _double_epilogue                         0x080038f3   Thumb Code   156  depilogue.o(.text)
    __aeabi_dadd                             0x0800398f   Thumb Code   322  dadd.o(.text)
    __aeabi_dsub                             0x08003ad1   Thumb Code     6  dadd.o(.text)
    __aeabi_drsub                            0x08003ad7   Thumb Code     6  dadd.o(.text)
    __aeabi_d2ulz                            0x08003add   Thumb Code    48  dfixul.o(.text)
    __aeabi_cdrcmple                         0x08003b0d   Thumb Code    48  cdrcmple.o(.text)
    __scatterload                            0x08003b3d   Thumb Code    28  init.o(.text)
    __scatterload_rt2                        0x08003b3d   Thumb Code     0  init.o(.text)
    __aeabi_llsl                             0x08003b61   Thumb Code    30  llshl.o(.text)
    _ll_shift_l                              0x08003b61   Thumb Code     0  llshl.o(.text)
    __aeabi_lasr                             0x08003b7f   Thumb Code    36  llsshr.o(.text)
    _ll_sshift_r                             0x08003b7f   Thumb Code     0  llsshr.o(.text)
    __0printf                                0x08003ba5   Thumb Code    22  printfa.o(i.__0printf)
    __1printf                                0x08003ba5   Thumb Code     0  printfa.o(i.__0printf)
    __2printf                                0x08003ba5   Thumb Code     0  printfa.o(i.__0printf)
    __c89printf                              0x08003ba5   Thumb Code     0  printfa.o(i.__0printf)
    printf                                   0x08003ba5   Thumb Code     0  printfa.o(i.__0printf)
    __0sprintf                               0x08003bc5   Thumb Code    34  printfa.o(i.__0sprintf)
    __1sprintf                               0x08003bc5   Thumb Code     0  printfa.o(i.__0sprintf)
    __2sprintf                               0x08003bc5   Thumb Code     0  printfa.o(i.__0sprintf)
    __c89sprintf                             0x08003bc5   Thumb Code     0  printfa.o(i.__0sprintf)
    sprintf                                  0x08003bc5   Thumb Code     0  printfa.o(i.__0sprintf)
    __scatterload_copy                       0x08003bed   Thumb Code    14  handlers.o(i.__scatterload_copy)
    __scatterload_null                       0x08003bfb   Thumb Code     2  handlers.o(i.__scatterload_null)
    __scatterload_zeroinit                   0x08003bfd   Thumb Code    14  handlers.o(i.__scatterload_zeroinit)
    Region$$Table$$Base                      0x080044ac   Number         0  anon$$obj.o(Region$$Table)
    Region$$Table$$Limit                     0x080044cc   Number         0  anon$$obj.o(Region$$Table)
    k                                        0x20000000   Data           1  main.o(.data)
    old_reg                                  0x20000002   Data           2  main.o(.data)
    judge_res                                0x20000004   Data           1  main.o(.data)
    V_current                                0x20000008   Data           8  main.o(.data)
    C_current                                0x20000010   Data           8  main.o(.data)
    P_active                                 0x20000018   Data           8  main.o(.data)
    E_use                                    0x20000020   Data           8  main.o(.data)
    SystemCoreClock                          0x20000028   Data           4  system_stm32f10x.o(.data)
    AHBPrescTable                            0x2000002c   Data          16  system_stm32f10x.o(.data)
    USART2_RX_STA                            0x2000003c   Data           2  usart2.o(.data)
    elec_result                              0x20000040   Data           1  data_p.o(.data)
    elec_app1                                0x20000044   Data          16  data_p.o(.data)
    elec_app2                                0x20000054   Data          16  data_p.o(.data)
    elec_app3                                0x20000064   Data          16  data_p.o(.data)
    elec_app4                                0x20000074   Data          16  data_p.o(.data)
    elec_app5                                0x20000084   Data          16  data_p.o(.data)
    elec_app6                                0x20000094   Data          16  data_p.o(.data)
    elec_app7                                0x200000a4   Data          16  data_p.o(.data)
    RX3_Counter                              0x200000b4   Data           1  usart3.o(.data)
    Usart3_RecvLen                           0x200000b5   Data           1  usart3.o(.data)
    RX3_STA_FLAG                             0x200000b6   Data           1  usart3.o(.data)
    strx                                     0x200000b8   Data           4  lwm2m.o(.data)
    learn_flag                               0x200000bc   Data           1  lwm2m.o(.data)
    learn_num                                0x200000bd   Data           1  lwm2m.o(.data)
    learn_text                               0x200000be   Data           1  lwm2m.o(.data)
    tran_flag                                0x200000bf   Data           1  lwm2m.o(.data)
    init_flag                                0x200000c0   Data           1  lwm2m.o(.data)
    __stdout                                 0x200000c8   Data           4  usart.o(.data)
    USART_RX_STA                             0x200000cc   Data           2  usart.o(.data)
    USART2_TX_BUF                            0x200000e8   Data        1024  usart2.o(.bss)
    USART2_RX_BUF                            0x200004e8   Data        1024  usart2.o(.bss)
    current_val                              0x200008e8   Data          12  data_p.o(.bss)
    USART3_RX_BUF                            0x200008f4   Data         200  usart3.o(.bss)
    USART_RX_BUF                             0x200009bc   Data         200  usart.o(.bss)
    __initial_sp                             0x20000e88   Data           0  startup_stm32f10x_hd.o(STACK)



==============================================================================

Memory Map of the image

  Image Entry point : 0x08000131

  Load Region LR_IROM1 (Base: 0x08000000, Size: 0x000045b0, Max: 0x00040000, ABSOLUTE)

    Execution Region ER_IROM1 (Base: 0x08000000, Size: 0x000044cc, Max: 0x00040000, ABSOLUTE)

    Base Addr    Size         Type   Attr      Idx    E Section Name        Object

    0x08000000   0x00000130   Data   RO          374    RESET               startup_stm32f10x_hd.o
    0x08000130   0x00000000   Code   RO          609  * .ARM.Collect$$$$00000000  mc_w.l(entry.o)
    0x08000130   0x00000004   Code   RO          897    .ARM.Collect$$$$00000001  mc_w.l(entry2.o)
    0x08000134   0x00000004   Code   RO          900    .ARM.Collect$$$$00000004  mc_w.l(entry5.o)
    0x08000138   0x00000000   Code   RO          902    .ARM.Collect$$$$00000008  mc_w.l(entry7b.o)
    0x08000138   0x00000000   Code   RO          904    .ARM.Collect$$$$0000000A  mc_w.l(entry8b.o)
    0x08000138   0x00000008   Code   RO          905    .ARM.Collect$$$$0000000B  mc_w.l(entry9a.o)
    0x08000140   0x00000000   Code   RO          907    .ARM.Collect$$$$0000000D  mc_w.l(entry10a.o)
    0x08000140   0x00000000   Code   RO          909    .ARM.Collect$$$$0000000F  mc_w.l(entry11a.o)
    0x08000140   0x00000004   Code   RO          898    .ARM.Collect$$$$00002712  mc_w.l(entry2.o)
    0x08000144   0x000003cc   Code   RO            1    .text               main.o
    0x08000510   0x0000001a   Code   RO          147    .text               stm32f10x_it.o
    0x0800052a   0x00000002   PAD
    0x0800052c   0x000001e0   Code   RO          188    .text               system_stm32f10x.o
    0x0800070c   0x00000050   Code   RO          206    .text               led.o
    0x0800075c   0x00000248   Code   RO          218    .text               usart2.o
    0x080009a4   0x000001bc   Code   RO          244    .text               data_p.o
    0x08000b60   0x00000170   Code   RO          271    .text               usart3.o
    0x08000cd0   0x00000834   Code   RO          290    .text               lwm2m.o
    0x08001504   0x000000d4   Code   RO          308    .text               delay.o
    0x080015d8   0x00000160   Code   RO          339    .text               usart.o
    0x08001738   0x00000024   Code   RO          375    .text               startup_stm32f10x_hd.o
    0x0800175c   0x0000035c   Code   RO          379    .text               stm32f10x_gpio.o
    0x08001ab8   0x000003a4   Code   RO          391    .text               stm32f10x_rcc.o
    0x08001e5c   0x00000408   Code   RO          405    .text               stm32f10x_usart.o
    0x08002264   0x000000dc   Code   RO          417    .text               misc.o
    0x08002340   0x00000254   Code   RO          501    .text               stm32f10x_dma.o
    0x08002594   0x00000e1a   Code   RO          597    .text               stm32f10x_tim.o
    0x080033ae   0x00000024   Code   RO          612    .text               mc_w.l(memseta.o)
    0x080033d2   0x00000024   Code   RO          614    .text               mc_w.l(strstr.o)
    0x080033f6   0x000000b0   Code   RO          877    .text               mf_w.l(fadd.o)
    0x080034a6   0x00000064   Code   RO          879    .text               mf_w.l(fmul.o)
    0x0800350a   0x000000e4   Code   RO          881    .text               mf_w.l(dmul.o)
    0x080035ee   0x000000de   Code   RO          883    .text               mf_w.l(ddiv.o)
    0x080036cc   0x00000012   Code   RO          885    .text               mf_w.l(fflti.o)
    0x080036de   0x0000001a   Code   RO          887    .text               mf_w.l(dfltui.o)
    0x080036f8   0x00000032   Code   RO          889    .text               mf_w.l(dfixui.o)
    0x0800372a   0x00000026   Code   RO          891    .text               mf_w.l(f2d.o)
    0x08003750   0x00000030   Code   RO          893    .text               mf_w.l(cdcmple.o)
    0x08003780   0x00000038   Code   RO          895    .text               mf_w.l(d2f.o)
    0x080037b8   0x0000002c   Code   RO          911    .text               mc_w.l(uidiv.o)
    0x080037e4   0x00000062   Code   RO          913    .text               mc_w.l(uldiv.o)
    0x08003846   0x00000020   Code   RO          915    .text               mc_w.l(llushr.o)
    0x08003866   0x00000000   Code   RO          917    .text               mc_w.l(iusefp.o)
    0x08003866   0x0000006e   Code   RO          918    .text               mf_w.l(fepilogue.o)
    0x080038d4   0x000000ba   Code   RO          920    .text               mf_w.l(depilogue.o)
    0x0800398e   0x0000014e   Code   RO          922    .text               mf_w.l(dadd.o)
    0x08003adc   0x00000030   Code   RO          924    .text               mf_w.l(dfixul.o)
    0x08003b0c   0x00000030   Code   RO          926    .text               mf_w.l(cdrcmple.o)
    0x08003b3c   0x00000024   Code   RO          928    .text               mc_w.l(init.o)
    0x08003b60   0x0000001e   Code   RO          930    .text               mc_w.l(llshl.o)
    0x08003b7e   0x00000024   Code   RO          932    .text               mc_w.l(llsshr.o)
    0x08003ba2   0x00000002   PAD
    0x08003ba4   0x00000020   Code   RO          849    i.__0printf         mc_w.l(printfa.o)
    0x08003bc4   0x00000028   Code   RO          851    i.__0sprintf        mc_w.l(printfa.o)
    0x08003bec   0x0000000e   Code   RO          936    i.__scatterload_copy  mc_w.l(handlers.o)
    0x08003bfa   0x00000002   Code   RO          937    i.__scatterload_null  mc_w.l(handlers.o)
    0x08003bfc   0x0000000e   Code   RO          938    i.__scatterload_zeroinit  mc_w.l(handlers.o)
    0x08003c0a   0x00000002   PAD
    0x08003c0c   0x00000164   Code   RO          856    i._fp_digits        mc_w.l(printfa.o)
    0x08003d70   0x000006dc   Code   RO          857    i._printf_core      mc_w.l(printfa.o)
    0x0800444c   0x00000024   Code   RO          858    i._printf_post_padding  mc_w.l(printfa.o)
    0x08004470   0x0000002e   Code   RO          859    i._printf_pre_padding  mc_w.l(printfa.o)
    0x0800449e   0x0000000a   Code   RO          861    i._sputc            mc_w.l(printfa.o)
    0x080044a8   0x00000004   Data   RO          246    .conststring        data_p.o
    0x080044ac   0x00000020   Data   RO          934    Region$$Table       anon$$obj.o


    Execution Region RW_IRAM1 (Base: 0x20000000, Size: 0x00000e88, Max: 0x0000c000, ABSOLUTE)

    Base Addr    Size         Type   Attr      Idx    E Section Name        Object

    0x20000000   0x00000028   Data   RW            2    .data               main.o
    0x20000028   0x00000014   Data   RW          189    .data               system_stm32f10x.o
    0x2000003c   0x00000002   Data   RW          220    .data               usart2.o
    0x2000003e   0x00000002   PAD
    0x20000040   0x00000074   Data   RW          247    .data               data_p.o
    0x200000b4   0x00000003   Data   RW          273    .data               usart3.o
    0x200000b7   0x00000001   PAD
    0x200000b8   0x00000009   Data   RW          291    .data               lwm2m.o
    0x200000c1   0x00000001   PAD
    0x200000c2   0x00000004   Data   RW          309    .data               delay.o
    0x200000c6   0x00000002   PAD
    0x200000c8   0x00000006   Data   RW          341    .data               usart.o
    0x200000ce   0x00000014   Data   RW          392    .data               stm32f10x_rcc.o
    0x200000e2   0x00000006   PAD
    0x200000e8   0x00000800   Zero   RW          219    .bss                usart2.o
    0x200008e8   0x0000000c   Zero   RW          245    .bss                data_p.o
    0x200008f4   0x000000c8   Zero   RW          272    .bss                usart3.o
    0x200009bc   0x000000c8   Zero   RW          340    .bss                usart.o
    0x20000a84   0x00000004   PAD
    0x20000a88   0x00000400   Zero   RW          372    STACK               startup_stm32f10x_hd.o


==============================================================================

Image component sizes


      Code (inc. data)   RO Data    RW Data    ZI Data      Debug   Object Name

       444         54          4        116         12       2371   data_p.o
       212         18          0          4          0       1035   delay.o
        80          8          0          0          0        495   led.o
      2100        684          0          9          0       4487   lwm2m.o
       972        166          0         40          0     264368   main.o
       220         22          0          0          0       1793   misc.o
        36          8        304          0       1024        784   startup_stm32f10x_hd.o
       596          8          0          0          0       4358   stm32f10x_dma.o
       860         38          0          0          0       5725   stm32f10x_gpio.o
        26          0          0          0          0       1178   stm32f10x_it.o
       932         36          0         20          0       8900   stm32f10x_rcc.o
      3610         88          0          0          0      22832   stm32f10x_tim.o
      1032         22          0          0          0       8452   stm32f10x_usart.o
         0          0          0          0          0         32   sys.o
       480         38          0         20          0       1731   system_stm32f10x.o
       352         16          0          6        200       3355   usart.o
       584         30          0          2       2048       2927   usart2.o
       368         24          0          3        200       2120   usart3.o

    ----------------------------------------------------------------------
     12906       1260        340        228       3492     336943   Object Totals
         0          0         32          0          0          0   (incl. Generated)
         2          0          0          8          8          0   (incl. Padding)

    ----------------------------------------------------------------------

      Code (inc. data)   RO Data    RW Data    ZI Data      Debug   Library Member Name

         0          0          0          0          0          0   entry.o
         0          0          0          0          0          0   entry10a.o
         0          0          0          0          0          0   entry11a.o
         8          4          0          0          0          0   entry2.o
         4          0          0          0          0          0   entry5.o
         0          0          0          0          0          0   entry7b.o
         0          0          0          0          0          0   entry8b.o
         8          4          0          0          0          0   entry9a.o
        30          0          0          0          0          0   handlers.o
        36          8          0          0          0         68   init.o
         0          0          0          0          0          0   iusefp.o
        30          0          0          0          0         68   llshl.o
        36          0          0          0          0         68   llsshr.o
        32          0          0          0          0         68   llushr.o
        36          0          0          0          0        108   memseta.o
      2276         96          0          0          0        596   printfa.o
        36          0          0          0          0         80   strstr.o
        44          0          0          0          0         80   uidiv.o
        98          0          0          0          0         92   uldiv.o
        48          0          0          0          0         68   cdcmple.o
        48          0          0          0          0         68   cdrcmple.o
        56          0          0          0          0         88   d2f.o
       334          0          0          0          0        148   dadd.o
       222          0          0          0          0        100   ddiv.o
       186          0          0          0          0        176   depilogue.o
        50          0          0          0          0         76   dfixui.o
        48          0          0          0          0         68   dfixul.o
        26          0          0          0          0         76   dfltui.o
       228          0          0          0          0         96   dmul.o
        38          0          0          0          0         68   f2d.o
       176          0          0          0          0        140   fadd.o
       110          0          0          0          0        168   fepilogue.o
        18          0          0          0          0         68   fflti.o
       100          0          0          0          0         76   fmul.o

    ----------------------------------------------------------------------
      4366        112          0          0          0       2712   Library Totals
         4          0          0          0          0          0   (incl. Padding)

    ----------------------------------------------------------------------

      Code (inc. data)   RO Data    RW Data    ZI Data      Debug   Library Name

      2674        112          0          0          0       1228   mc_w.l
      1688          0          0          0          0       1484   mf_w.l

    ----------------------------------------------------------------------
      4366        112          0          0          0       2712   Library Totals

    ----------------------------------------------------------------------

==============================================================================


      Code (inc. data)   RO Data    RW Data    ZI Data      Debug   

     17272       1372        340        228       3492     336999   Grand Totals
     17272       1372        340        228       3492     336999   ELF Image Totals
     17272       1372        340        228          0          0   ROM Totals

==============================================================================

    Total RO  Size (Code + RO Data)                17612 (  17.20kB)
    Total RW  Size (RW Data + ZI Data)              3720 (   3.63kB)
    Total ROM Size (Code + RO Data + RW Data)      17840 (  17.42kB)

==============================================================================

